<html>
<body>
<pre>
<h1>礦ision Build Log</h1>
<h2>Tool Versions:</h2>
IDE-Version: μVision V5.14.0.0
Copyright (C) 2015 ARM Ltd and ARM Germany GmbH. All rights reserved.
License Information: 4342 AutoBVT, Microsoft, LIC=JL28T-R2FJ6-302NC-7RXIA-HIEFL-RZ5CZ
 
Tool Versions:
Toolchain:       MDK-ARM Standard  Version: 5.14.0.0
Toolchain Path:  C:\Keil_v5\ARM\ARMCC\Bin
C Compiler:      Armcc.exe V5.05 update 1 (build 106)
Assembler:       Armasm.exe V5.05 update 1 (build 106)
Linker/Locator:  ArmLink.exe V5.05 update 1 (build 106)
Library Manager: ArmAr.exe V5.05 update 1 (build 106)
Hex Converter:   FromElf.exe V5.05 update 1 (build 106)
CPU DLL:         SARMCM3.DLL V5.14.0.0
Dialog DLL:      DCM.DLL V1.13.1.0
Target DLL:      STLink\ST-LINKIII-KEIL_SWO.dll V2.0.14.0_KEIL
Dialog DLL:      TCM.DLL V1.14.4.0
 
<h2>Project:</h2>
D:\TY\无人超市\主控工程\USER\USART.uvprojx
Project File Date:  07/10/2019

<h2>Output:</h2>
Build target 'USART'
compiling usart.c...
..\SYSTEM\usart\usart.c(226): warning:  #223-D: function "memset" declared implicitly
        memset(USART2_jsonBuF, 0, sizeof(USART2_jsonBuF));
..\SYSTEM\usart\usart.c(280): warning:  #223-D: function "strcpy" declared implicitly
                                strcpy(USART2_jsonParseBuF,USART2_jsonBuF);
..\SYSTEM\usart\usart.c(391): warning:  #223-D: function "memset" declared implicitly
        memset(USART3_jsonBuF, 0, sizeof(USART3_jsonBuF));
..\SYSTEM\usart\usart.c(444): warning:  #223-D: function "strcpy" declared implicitly
                                strcpy(USART3_jsonParseBuF, USART3_jsonBuF);
..\SYSTEM\usart\usart.c: 4 warnings, 0 errors
compiling aiwacMaster.c...
..\AIWAC\aiwacMaster.c(31): warning:  #167-D: argument of type "u8 *" is incompatible with parameter of type "const char *"
        root = cJSON_Parse(USART2_jsonParseBuF);
..\AIWAC\aiwacMaster.c(76): warning:  #167-D: argument of type "u8 *" is incompatible with parameter of type "const char *"
        root = cJSON_Parse(USART3_jsonParseBuF);
..\AIWAC\aiwacMaster.c(150): warning:  #223-D: function "strlen" declared implicitly
        jsonSize = strlen(strJson);
..\AIWAC\aiwacMaster.c(155): warning:  #223-D: function "strncpy" declared implicitly
        strncpy(strSend+4,strJson,jsonSize);
..\AIWAC\aiwacMaster.c(195): warning:  #223-D: function "strlen" declared implicitly
                jsonSize = strlen(strJson);
..\AIWAC\aiwacMaster.c(200): warning:  #223-D: function "strncpy" declared implicitly
                strncpy(strSend+4,strJson,jsonSize);
..\AIWAC\aiwacMaster.c: 6 warnings, 0 errors
linking...
Program Size: Code=22174 RO-data=1082 RW-data=120 ZI-data=24840  
FromELF: creating hex file...
"..\OBJ\USART.axf" - 0 Error(s), 10 Warning(s).

<h2>Collection of Component include folders:</h2>
  D:\TY\无人超市\主控工程\USER\RTE
  C:\Keil_v5\ARM\PACK\Keil\STM32F4xx_DFP\1.0.8\Device\Include

<h2>Collection of Component Files used:</h2>
</pre>
</body>
</html>
