<html>
<body>
<pre>
<h1>µVision Build Log</h1>
<h2>Tool Versions:</h2>
IDE-Version: ¦ÌVision V5.14.0.0
Copyright (C) 2015 ARM Ltd and ARM Germany GmbH. All rights reserved.
License Information: 1 tang, 1, LIC=58574-F1BKY-00AN9-4SYB2-0CQLS-YEJYC
 
Tool Versions:
Toolchain:       MDK-ARM Standard  Version: 5.14.0.0
Toolchain Path:  C:\Keil_v5\ARM\ARMCC\Bin
C Compiler:      Armcc.exe V5.05 update 1 (build 106)
Assembler:       Armasm.exe V5.05 update 1 (build 106)
Linker/Locator:  ArmLink.exe V5.05 update 1 (build 106)
Library Manager: ArmAr.exe V5.05 update 1 (build 106)
Hex Converter:   FromElf.exe V5.05 update 1 (build 106)
CPU DLL:         SARMCM3.DLL V5.14.0.0
Dialog DLL:      DCM.DLL V1.13.1.0
Target DLL:      STLink\ST-LINKIII-KEIL_SWO.dll V2.0.14.0_KEIL
Dialog DLL:      TCM.DLL V1.14.4.0
 
<h2>Project:</h2>
C:\0MySpace\aiwac_project\nobodySuperMarcket\STM32Master\stm32F4Master\USER\USART.uvprojx
Project File Date:  07/13/2019

<h2>Output:</h2>
Build target 'USART'
compiling aiwacMaster.c...
..\AIWAC\aiwacMaster.c(31): warning:  #167-D: argument of type "u8 *" is incompatible with parameter of type "const char *"
        root = cJSON_Parse(USART2_jsonParseBuF);
..\AIWAC\aiwacMaster.c(80): warning:  #167-D: argument of type "u8 *" is incompatible with parameter of type "const char *"
        root = cJSON_Parse(USART3_jsonParseBuF);
..\AIWAC\aiwacMaster.c(159): warning:  #223-D: function "strlen" declared implicitly
        jsonSize = strlen(strJson);
..\AIWAC\aiwacMaster.c(164): warning:  #223-D: function "strncpy" declared implicitly
        strncpy(strSend+4,strJson,jsonSize);
..\AIWAC\aiwacMaster.c(204): warning:  #223-D: function "strlen" declared implicitly
                jsonSize = strlen(strJson);
..\AIWAC\aiwacMaster.c(209): warning:  #223-D: function "strncpy" declared implicitly
                strncpy(strSend+4,strJson,jsonSize);
..\AIWAC\aiwacMaster.c: 6 warnings, 0 errors
linking...
Program Size: Code=23282 RO-data=1230 RW-data=132 ZI-data=24844  
FromELF: creating hex file...
"..\OBJ\USART.axf" - 0 Error(s), 6 Warning(s).

<h2>Collection of Component include folders:</h2>
  C:\0MySpace\aiwac_project\nobodySuperMarcket\STM32Master\stm32F4Master\USER\RTE
  C:\Keil_v5\ARM\PACK\Keil\STM32F4xx_DFP\1.0.8\Device\Include

<h2>Collection of Component Files used:</h2>
</pre>
</body>
</html>
