Component: ARM Compiler 5.05 update 1 (build 106) Tool: armlink [4d0efa]

==============================================================================

Section Cross References

    main.o(i.main) refers to misc.o(i.NVIC_PriorityGroupConfig) for NVIC_PriorityGroupConfig
    main.o(i.main) refers to delay.o(i.delay_init) for delay_init
    main.o(i.main) refers to usart.o(i.uart1_init) for uart1_init
    main.o(i.main) refers to usart.o(i.uart2_init) for uart2_init
    main.o(i.main) refers to usart.o(i.uart3_init) for uart3_init
    main.o(i.main) refers to led.o(i.LED_Init) for LED_Init
    main.o(i.main) refers to aiwacmaster.o(i.goGoalPosition) for goGoalPosition
    main.o(i.main) refers to aiwacmaster.o(i.sendTuringOrder) for sendTuringOrder
    main.o(i.main) refers to usart.o(.bss) for USART2_jsonParseBuF
    system_stm32f4xx.o(i.SystemCoreClockUpdate) refers to system_stm32f4xx.o(.data) for SystemCoreClock
    system_stm32f4xx.o(i.SystemInit) refers to system_stm32f4xx.o(i.SetSysClock) for SetSysClock
    led.o(i.LED_Init) refers to stm32f4xx_rcc.o(i.RCC_AHB1PeriphClockCmd) for RCC_AHB1PeriphClockCmd
    led.o(i.LED_Init) refers to stm32f4xx_gpio.o(i.GPIO_Init) for GPIO_Init
    led.o(i.LED_Init) refers to stm32f4xx_gpio.o(i.GPIO_SetBits) for GPIO_SetBits
    beep.o(i.BEEP_Init) refers to stm32f4xx_rcc.o(i.RCC_AHB1PeriphClockCmd) for RCC_AHB1PeriphClockCmd
    beep.o(i.BEEP_Init) refers to stm32f4xx_gpio.o(i.GPIO_Init) for GPIO_Init
    beep.o(i.BEEP_Init) refers to stm32f4xx_gpio.o(i.GPIO_ResetBits) for GPIO_ResetBits
    key.o(i.KEY_Init) refers to stm32f4xx_rcc.o(i.RCC_AHB1PeriphClockCmd) for RCC_AHB1PeriphClockCmd
    key.o(i.KEY_Init) refers to stm32f4xx_gpio.o(i.GPIO_Init) for GPIO_Init
    key.o(i.KEY_Scan) refers to stm32f4xx_gpio.o(i.GPIO_ReadInputDataBit) for GPIO_ReadInputDataBit
    key.o(i.KEY_Scan) refers to delay.o(i.delay_ms) for delay_ms
    key.o(i.KEY_Scan) refers to key.o(.data) for key_up
    delay.o(i.delay_init) refers to misc.o(i.SysTick_CLKSourceConfig) for SysTick_CLKSourceConfig
    delay.o(i.delay_init) refers to delay.o(.data) for fac_us
    delay.o(i.delay_ms) refers to delay.o(i.delay_xms) for delay_xms
    delay.o(i.delay_us) refers to delay.o(.data) for fac_us
    delay.o(i.delay_xms) refers to delay.o(.data) for fac_ms
    usart.o(.rev16_text) refers (Special) to use_no_semi_2.o(.text) for __use_no_semihosting
    usart.o(.revsh_text) refers (Special) to use_no_semi_2.o(.text) for __use_no_semihosting
    usart.o(i.UART4_IRQHandler) refers (Special) to use_no_semi_2.o(.text) for __use_no_semihosting
    usart.o(i.UART4_IRQHandler) refers to stm32f4xx_usart.o(i.USART_GetITStatus) for USART_GetITStatus
    usart.o(i.UART4_IRQHandler) refers to noretval__2printf.o(.text) for __2printf
    usart.o(i.UART5_IRQHandler) refers (Special) to use_no_semi_2.o(.text) for __use_no_semihosting
    usart.o(i.UART5_IRQHandler) refers to stm32f4xx_usart.o(i.USART_GetITStatus) for USART_GetITStatus
    usart.o(i.UART5_IRQHandler) refers to noretval__2printf.o(.text) for __2printf
    usart.o(i.USART1_IRQHandler) refers (Special) to use_no_semi_2.o(.text) for __use_no_semihosting
    usart.o(i.USART1_IRQHandler) refers to stm32f4xx_usart.o(i.USART_GetITStatus) for USART_GetITStatus
    usart.o(i.USART1_IRQHandler) refers to stm32f4xx_usart.o(i.USART_ReceiveData) for USART_ReceiveData
    usart.o(i.USART1_IRQHandler) refers to usart.o(.data) for USART_RX_STA
    usart.o(i.USART1_IRQHandler) refers to usart.o(.bss) for USART_RX_BUF
    usart.o(i.USART2StateTo0) refers (Special) to use_no_semi_2.o(.text) for __use_no_semihosting
    usart.o(i.USART2StateTo0) refers to rt_memclr.o(.text) for __aeabi_memclr
    usart.o(i.USART2StateTo0) refers to usart.o(.data) for USART2_startMS
    usart.o(i.USART2StateTo0) refers to usart.o(.bss) for USART2_jsonBuF
    usart.o(i.USART2_IRQHandler) refers (Special) to use_no_semi_2.o(.text) for __use_no_semihosting
    usart.o(i.USART2_IRQHandler) refers to stm32f4xx_usart.o(i.USART_GetITStatus) for USART_GetITStatus
    usart.o(i.USART2_IRQHandler) refers to usart.o(i.USART2StateTo0) for USART2StateTo0
    usart.o(i.USART2_IRQHandler) refers to strcpy.o(.text) for strcpy
    usart.o(i.USART2_IRQHandler) refers to aiwacmaster.o(i.PaserCar1_State) for PaserCar1_State
    usart.o(i.USART2_IRQHandler) refers to usart.o(.data) for USART2_startGetMS
    usart.o(i.USART2_IRQHandler) refers to usart.o(.bss) for USART2_jsonBuF
    usart.o(i.USART3StateTo0) refers (Special) to use_no_semi_2.o(.text) for __use_no_semihosting
    usart.o(i.USART3StateTo0) refers to rt_memclr.o(.text) for __aeabi_memclr
    usart.o(i.USART3StateTo0) refers to usart.o(.data) for USART3_startMS
    usart.o(i.USART3StateTo0) refers to usart.o(.bss) for USART3_jsonBuF
    usart.o(i.USART3_IRQHandler) refers (Special) to use_no_semi_2.o(.text) for __use_no_semihosting
    usart.o(i.USART3_IRQHandler) refers to stm32f4xx_usart.o(i.USART_GetITStatus) for USART_GetITStatus
[...]
    i.SVC_Handler                            0x08001e84   Section        0  stm32f4xx_it.o(i.SVC_Handler)
    i.SetSysClock                            0x08001e88   Section        0  system_stm32f4xx.o(i.SetSysClock)
    SetSysClock                              0x08001e89   Thumb Code   220  system_stm32f4xx.o(i.SetSysClock)
    i.SysTick_CLKSourceConfig                0x08001f74   Section        0  misc.o(i.SysTick_CLKSourceConfig)
    i.SysTick_Handler                        0x08001f9c   Section        0  stm32f4xx_it.o(i.SysTick_Handler)
    i.SystemInit                             0x08001fa0   Section        0  system_stm32f4xx.o(i.SystemInit)
    i.UART4_IRQHandler                       0x08002008   Section        0  usart.o(i.UART4_IRQHandler)
    i.UART5_IRQHandler                       0x08002034   Section        0  usart.o(i.UART5_IRQHandler)
    i.USART1_IRQHandler                      0x0800205c   Section        0  usart.o(i.USART1_IRQHandler)
    i.USART2StateTo0                         0x080020e4   Section        0  usart.o(i.USART2StateTo0)
    i.USART2_IRQHandler                      0x08002128   Section        0  usart.o(i.USART2_IRQHandler)
    i.USART3StateTo0                         0x08002224   Section        0  usart.o(i.USART3StateTo0)
    i.USART3_IRQHandler                      0x08002268   Section        0  usart.o(i.USART3_IRQHandler)
    i.USART_Cmd                              0x08002350   Section        0  stm32f4xx_usart.o(i.USART_Cmd)
    i.USART_GetITStatus                      0x08002368   Section        0  stm32f4xx_usart.o(i.USART_GetITStatus)
    i.USART_ITConfig                         0x080023bc   Section        0  stm32f4xx_usart.o(i.USART_ITConfig)
    i.USART_Init                             0x08002408   Section        0  stm32f4xx_usart.o(i.USART_Init)
    i.USART_ReceiveData                      0x080024dc   Section        0  stm32f4xx_usart.o(i.USART_ReceiveData)
    i.UsageFault_Handler                     0x080024e6   Section        0  stm32f4xx_it.o(i.UsageFault_Handler)
    i.__ARM_fpclassify                       0x080024ea   Section        0  fpclassify.o(i.__ARM_fpclassify)
    i.__hardfp_fabs                          0x0800251a   Section        0  fabs.o(i.__hardfp_fabs)
    i.__hardfp_floor                         0x08002530   Section        0  floor.o(i.__hardfp_floor)
    i.__hardfp_pow                           0x08002648   Section        0  pow.o(i.__hardfp_pow)
    i.__kernel_poly                          0x08003280   Section        0  poly.o(i.__kernel_poly)
    i.__mathlib_dbl_divzero                  0x08003378   Section        0  dunder.o(i.__mathlib_dbl_divzero)
    i.__mathlib_dbl_infnan2                  0x080033a8   Section        0  dunder.o(i.__mathlib_dbl_infnan2)
    i.__mathlib_dbl_invalid                  0x080033c0   Section        0  dunder.o(i.__mathlib_dbl_invalid)
    i.__mathlib_dbl_overflow                 0x080033e0   Section        0  dunder.o(i.__mathlib_dbl_overflow)
    i.__mathlib_dbl_underflow                0x08003400   Section        0  dunder.o(i.__mathlib_dbl_underflow)
    i._is_digit                              0x08003420   Section        0  __printf_wp.o(i._is_digit)
    i._sys_exit                              0x0800342e   Section        0  usart.o(i._sys_exit)
    i.cJSON_AddItemToArray                   0x08003434   Section        0  cjson.o(i.cJSON_AddItemToArray)
    i.cJSON_AddItemToObject                  0x08003460   Section        0  cjson.o(i.cJSON_AddItemToObject)
    i.cJSON_CreateNumber                     0x08003490   Section        0  cjson.o(i.cJSON_CreateNumber)
    i.cJSON_CreateObject                     0x080034c0   Section        0  cjson.o(i.cJSON_CreateObject)
    i.cJSON_Delete                           0x080034d4   Section        0  cjson.o(i.cJSON_Delete)
    i.cJSON_GetObjectItem                    0x08003524   Section        0  cjson.o(i.cJSON_GetObjectItem)
    i.cJSON_New_Item                         0x08003544   Section        0  cjson.o(i.cJSON_New_Item)
    cJSON_New_Item                           0x08003545   Thumb Code    26  cjson.o(i.cJSON_New_Item)
    i.cJSON_Parse                            0x08003564   Section        0  cjson.o(i.cJSON_Parse)
    i.cJSON_ParseWithOpts                    0x08003574   Section        0  cjson.o(i.cJSON_ParseWithOpts)
    i.cJSON_Print                            0x080035d8   Section        0  cjson.o(i.cJSON_Print)
    i.cJSON_strcasecmp                       0x080035e8   Section        0  cjson.o(i.cJSON_strcasecmp)
    cJSON_strcasecmp                         0x080035e9   Thumb Code    76  cjson.o(i.cJSON_strcasecmp)
    i.cJSON_strdup                           0x08003634   Section        0  cjson.o(i.cJSON_strdup)
    cJSON_strdup                             0x08003635   Thumb Code    40  cjson.o(i.cJSON_strdup)
    i.delay_init                             0x08003660   Section        0  delay.o(i.delay_init)
    i.delay_ms                               0x0800369c   Section        0  delay.o(i.delay_ms)
    i.delay_xms                              0x080036d4   Section        0  delay.o(i.delay_xms)
    i.designFSpeed2                          0x08003720   Section        0  aiwacmaster.o(i.designFSpeed2)
    i.fabs                                   0x080038d4   Section        0  fabs.o(i.fabs)
    i.fputc                                  0x080038ec   Section        0  usart.o(i.fputc)
    i.goGoalPosition                         0x08003908   Section        0  aiwacmaster.o(i.goGoalPosition)
    i.main                                   0x08003ec0   Section        0  main.o(i.main)
    i.mem_free                               0x08003f30   Section        0  malloc.o(i.mem_free)
    i.mem_init                               0x08003f78   Section        0  malloc.o(i.mem_init)
    i.mem_malloc                             0x08003fa4   Section        0  malloc.o(i.mem_malloc)
    i.mem_perused                            0x0800401c   Section        0  malloc.o(i.mem_perused)
    i.myabs_double                           0x08004044   Section        0  aiwacmaster.o(i.myabs_double)
    i.myfree                                 0x08004090   Section        0  malloc.o(i.myfree)
    i.mymalloc                               0x080040ac   Section        0  malloc.o(i.mymalloc)
    i.mymemset                               0x080040cc   Section        0  malloc.o(i.mymemset)
    i.parse_array                            0x080040e0   Section        0  cjson.o(i.parse_array)
    parse_array                              0x080040e1   Thumb Code   166  cjson.o(i.parse_array)
    i.parse_hex4                             0x0800418c   Section        0  cjson.o(i.parse_hex4)
    parse_hex4                               0x0800418d   Thumb Code   276  cjson.o(i.parse_hex4)
    i.parse_number                           0x080042a0   Section        0  cjson.o(i.parse_number)
    parse_number                             0x080042a1   Thumb Code   424  cjson.o(i.parse_number)
    i.parse_object                           0x08004468   Section        0  cjson.o(i.parse_object)
    parse_object                             0x08004469   Thumb Code   270  cjson.o(i.parse_object)
    i.parse_string                           0x0800457c   Section        0  cjson.o(i.parse_string)
    parse_string                             0x0800457d   Thumb Code   448  cjson.o(i.parse_string)
    i.parse_value                            0x08004748   Section        0  cjson.o(i.parse_value)
    parse_value                              0x08004749   Thumb Code   158  cjson.o(i.parse_value)
    i.print_array                            0x08004804   Section        0  cjson.o(i.print_array)
    print_array                              0x08004805   Thumb Code   352  cjson.o(i.print_array)
    i.print_number                           0x08004970   Section        0  cjson.o(i.print_number)
    print_number                             0x08004971   Thumb Code   392  cjson.o(i.print_number)
    i.print_object                           0x08004b40   Section        0  cjson.o(i.print_object)
    print_object                             0x08004b41   Thumb Code   620  cjson.o(i.print_object)
    i.print_string                           0x08004db4   Section        0  cjson.o(i.print_string)
    print_string                             0x08004db5   Thumb Code    12  cjson.o(i.print_string)
    i.print_string_ptr                       0x08004dc0   Section        0  cjson.o(i.print_string_ptr)
    print_string_ptr                         0x08004dc1   Thumb Code   270  cjson.o(i.print_string_ptr)
    i.print_value                            0x08004ee8   Section        0  cjson.o(i.print_value)
    print_value                              0x08004ee9   Thumb Code   122  cjson.o(i.print_value)
    i.sendTuringOrder                        0x08004f7c   Section        0  aiwacmaster.o(i.sendTuringOrder)
    i.skip                                   0x08004fb8   Section        0  cjson.o(i.skip)
    skip                                     0x08004fb9   Thumb Code    18  cjson.o(i.skip)
    i.sqrt                                   0x08004fca   Section        0  sqrt.o(i.sqrt)
    i.suffix_object                          0x08005038   Section        0  cjson.o(i.suffix_object)
    suffix_object                            0x08005039   Thumb Code     6  cjson.o(i.suffix_object)
    i.uart1_init                             0x08005040   Section        0  usart.o(i.uart1_init)
    i.uart2_init                             0x080050ec   Section        0  usart.o(i.uart2_init)
    i.uart3_init                             0x08005198   Section        0  usart.o(i.uart3_init)
    i.usart2_sendString                      0x08005248   Section        0  usart.o(i.usart2_sendString)
    i.usart3_sendString                      0x08005274   Section        0  usart.o(i.usart3_sendString)
    locale$$code                             0x080052a0   Section       44  lc_ctype_c.o(locale$$code)
    locale$$code                             0x080052cc   Section       44  lc_numeric_c.o(locale$$code)
    x$fpl$basic                              0x080052f8   Section       24  basic.o(x$fpl$basic)
    $v0                                      0x080052f8   Number         0  basic.o(x$fpl$basic)
    x$fpl$dadd                               0x08005310   Section      336  daddsub_clz.o(x$fpl$dadd)
    $v0                                      0x08005310   Number         0  daddsub_clz.o(x$fpl$dadd)
    _dadd1                                   0x08005321   Thumb Code     0  daddsub_clz.o(x$fpl$dadd)
    x$fpl$dcheck1                            0x08005460   Section       16  dcheck1.o(x$fpl$dcheck1)
    $v0                                      0x08005460   Number         0  dcheck1.o(x$fpl$dcheck1)
    x$fpl$dcmpinf                            0x08005470   Section       24  dcmpi.o(x$fpl$dcmpinf)
    $v0                                      0x08005470   Number         0  dcmpi.o(x$fpl$dcmpinf)
    x$fpl$ddiv                               0x08005488   Section      688  ddiv.o(x$fpl$ddiv)
    $v0                                      0x08005488   Number         0  ddiv.o(x$fpl$ddiv)
    ddiv_entry                               0x0800548f   Thumb Code     0  ddiv.o(x$fpl$ddiv)
    x$fpl$dfix                               0x08005738   Section       94  dfix.o(x$fpl$dfix)
    $v0                                      0x08005738   Number         0  dfix.o(x$fpl$dfix)
    x$fpl$dflt                               0x08005796   Section       46  dflt_clz.o(x$fpl$dflt)
    $v0                                      0x08005796   Number         0  dflt_clz.o(x$fpl$dflt)
    x$fpl$dleqf                              0x080057c4   Section      120  dleqf.o(x$fpl$dleqf)
    $v0                                      0x080057c4   Number         0  dleqf.o(x$fpl$dleqf)
    x$fpl$dmul                               0x0800583c   Section      340  dmul.o(x$fpl$dmul)
    $v0                                      0x0800583c   Number         0  dmul.o(x$fpl$dmul)
    x$fpl$dnaninf                            0x08005990   Section      156  dnaninf.o(x$fpl$dnaninf)
    $v0                                      0x08005990   Number         0  dnaninf.o(x$fpl$dnaninf)
    x$fpl$dretinf                            0x08005a2c   Section       12  dretinf.o(x$fpl$dretinf)
    $v0                                      0x08005a2c   Number         0  dretinf.o(x$fpl$dretinf)
    x$fpl$drleqf                             0x08005a38   Section      108  drleqf.o(x$fpl$drleqf)
    $v0                                      0x08005a38   Number         0  drleqf.o(x$fpl$drleqf)
    x$fpl$drsb                               0x08005aa4   Section       22  daddsub_clz.o(x$fpl$drsb)
    $v0                                      0x08005aa4   Number         0  daddsub_clz.o(x$fpl$drsb)
    x$fpl$dsqrt                              0x08005abc   Section      408  dsqrt_umaal.o(x$fpl$dsqrt)
    $v0                                      0x08005abc   Number         0  dsqrt_umaal.o(x$fpl$dsqrt)
    x$fpl$dsub                               0x08005c54   Section      468  daddsub_clz.o(x$fpl$dsub)
    $v0                                      0x08005c54   Number         0  daddsub_clz.o(x$fpl$dsub)
    _dsub1                                   0x08005c65   Thumb Code     0  daddsub_clz.o(x$fpl$dsub)
    x$fpl$fpinit                             0x08005e28   Section       10  fpinit.o(x$fpl$fpinit)
    $v0                                      0x08005e28   Number         0  fpinit.o(x$fpl$fpinit)
    x$fpl$printf1                            0x08005e32   Section        4  printf1.o(x$fpl$printf1)
    $v0                                      0x08005e32   Number         0  printf1.o(x$fpl$printf1)
    x$fpl$retnan                             0x08005e36   Section      100  retnan.o(x$fpl$retnan)
    $v0                                      0x08005e36   Number         0  retnan.o(x$fpl$retnan)
    x$fpl$scalbn                             0x08005e9a   Section       92  scalbn.o(x$fpl$scalbn)
    $v0                                      0x08005e9a   Number         0  scalbn.o(x$fpl$scalbn)
    x$fpl$trapveneer                         0x08005ef6   Section       48  trapv.o(x$fpl$trapveneer)
    $v0                                      0x08005ef6   Number         0  trapv.o(x$fpl$trapveneer)
    .constdata                               0x08005f26   Section        7  cjson.o(.constdata)
    x$fpl$usenofp                            0x08005f26   Section        0  usenofp.o(x$fpl$usenofp)
    firstByteMark                            0x08005f26   Data           7  cjson.o(.constdata)
    .constdata                               0x08005f2d   Section       40  _printf_hex_int.o(.constdata)
    uc_hextab                                0x08005f2d   Data          20  _printf_hex_int.o(.constdata)
    lc_hextab                                0x08005f41   Data          20  _printf_hex_int.o(.constdata)
    .constdata                               0x08005f55   Section       17  __printf_flags_wp.o(.constdata)
    maptable                                 0x08005f55   Data          17  __printf_flags_wp.o(.constdata)
    .constdata                               0x08005f68   Section      136  pow.o(.constdata)
    bp                                       0x08005f68   Data          16  pow.o(.constdata)
    dp_h                                     0x08005f78   Data          16  pow.o(.constdata)
    dp_l                                     0x08005f88   Data          16  pow.o(.constdata)
    L                                        0x08005f98   Data          48  pow.o(.constdata)
    P                                        0x08005fc8   Data          40  pow.o(.constdata)
    .constdata                               0x08005ff0   Section        8  qnan.o(.constdata)
    .constdata                               0x08005ff8   Section      148  bigflt0.o(.constdata)
    tenpwrs_x                                0x08005ff8   Data          60  bigflt0.o(.constdata)
    tenpwrs_i                                0x08006034   Data          64  bigflt0.o(.constdata)
    locale$$data                             0x080060ac   Section      272  lc_ctype_c.o(locale$$data)
    __lcctype_c_name                         0x080060b0   Data           2  lc_ctype_c.o(locale$$data)
    __lcctype_c_start                        0x080060b8   Data           0  lc_ctype_c.o(locale$$data)
    locale$$data                             0x080061bc   Section       28  lc_numeric_c.o(locale$$data)
    __lcctype_c_end                          0x080061bc   Data           0  lc_ctype_c.o(locale$$data)
    __lcnum_c_name                           0x080061c0   Data           2  lc_numeric_c.o(locale$$data)
    __lcnum_c_start                          0x080061c8   Data           0  lc_numeric_c.o(locale$$data)
    __lcnum_c_point                          0x080061d4   Data           0  lc_numeric_c.o(locale$$data)
    __lcnum_c_thousands                      0x080061d6   Data           0  lc_numeric_c.o(locale$$data)
    __lcnum_c_grouping                       0x080061d7   Data           0  lc_numeric_c.o(locale$$data)
    __lcnum_c_end                            0x080061d8   Data           0  lc_numeric_c.o(locale$$data)
    .data                                    0x20000000   Section        4  delay.o(.data)
    fac_us                                   0x20000000   Data           1  delay.o(.data)
    fac_ms                                   0x20000002   Data           2  delay.o(.data)
    .data                                    0x20000004   Section       44  usart.o(.data)
    .data                                    0x20000030   Section       16  stm32f4xx_rcc.o(.data)
    APBAHBPrescTable                         0x20000030   Data          16  stm32f4xx_rcc.o(.data)
    .data                                    0x20000040   Section       12  cjson.o(.data)
    ep                                       0x20000040   Data           4  cjson.o(.data)
    cJSON_malloc                             0x20000044   Data           4  cjson.o(.data)
    cJSON_free                               0x20000048   Data           4  cjson.o(.data)
    .data                                    0x2000004c   Section       20  malloc.o(.data)
    .data                                    0x20000060   Section       36  aiwacmaster.o(.data)
    .bss                                     0x20000084   Section     5800  usart.o(.bss)
    .bss                                     0x2000172c   Section    17408  malloc.o(.bss)
    .bss                                     0x20005b2c   Section       96  libspace.o(.bss)
    HEAP                                     0x20005b90   Section      512  startup_stm32f40_41xxx.o(HEAP)
    Heap_Mem                                 0x20005b90   Data         512  startup_stm32f40_41xxx.o(HEAP)
    STACK                                    0x20005d90   Section     1024  startup_stm32f40_41xxx.o(STACK)
    Stack_Mem                                0x20005d90   Data        1024  startup_stm32f40_41xxx.o(STACK)
    __initial_sp                             0x20006190   Data           0  startup_stm32f40_41xxx.o(STACK)

    Global Symbols

    Symbol Name                              Value     Ov Type        Size  Object(Section)

    BuildAttributes$$THM_ISAv4$E$P$D$K$B$S$7EM$VFPi3$EXTD16$VFPS$VFMA$PE$A:L22UL41UL21$X:L11$S22US41US21$IEEE1$IW$USESV6$~STKCKD$USESV7$~SHL$OTIME$ROPI$IEEEX$EBA8$UX$STANDARDLIB$REQ8$PRES8$EABIv2 0x00000000   Number         0  anon$$obj.o ABSOLUTE
    __ARM_use_no_argv                        0x00000000   Number         0  main.o ABSOLUTE
    _printf_flags                            0x00000000   Number         0  printf_stubs.o ABSOLUTE
    _printf_return_value                     0x00000000   Number         0  printf_stubs.o ABSOLUTE
    _printf_sizespec                         0x00000000   Number         0  printf_stubs.o ABSOLUTE
    _printf_widthprec                        0x00000000   Number         0  printf_stubs.o ABSOLUTE
    __ARM_exceptions_init                     - Undefined Weak Reference
    __alloca_initialize                       - Undefined Weak Reference
    __arm_preinit_                            - Undefined Weak Reference
    __cpp_initialize__aeabi_                  - Undefined Weak Reference
    __cxa_finalize                            - Undefined Weak Reference
    __sigvec_lookup                           - Undefined Weak Reference
    __user_heap_extent                        - Undefined Weak Reference
    _atexit_init                              - Undefined Weak Reference
    _call_atexit_fns                          - Undefined Weak Reference
    _clock_init                               - Undefined Weak Reference
    _fp_trap_init                             - Undefined Weak Reference
    _fp_trap_shutdown                         - Undefined Weak Reference
    _get_lc_collate                           - Undefined Weak Reference
    _get_lc_monetary                          - Undefined Weak Reference
    _get_lc_time                              - Undefined Weak Reference
    _getenv_init                              - Undefined Weak Reference
    _handle_redirection                       - Undefined Weak Reference
    _initio                                   - Undefined Weak Reference
    _mutex_acquire                            - Undefined Weak Reference
    _mutex_free                               - Undefined Weak Reference
    _mutex_release                            - Undefined Weak Reference
    _printf_truncate_signed                   - Undefined Weak Reference
    _printf_truncate_unsigned                 - Undefined Weak Reference
    _rand_init                                - Undefined Weak Reference
    _signal_finish                            - Undefined Weak Reference
    _signal_init                              - Undefined Weak Reference
    _terminateio                              - Undefined Weak Reference
    __Vectors_Size                           0x00000188   Number         0  startup_stm32f40_41xxx.o ABSOLUTE
    __Vectors                                0x08000000   Data           4  startup_stm32f40_41xxx.o(RESET)
    __Vectors_End                            0x08000188   Data           0  startup_stm32f40_41xxx.o(RESET)
    __main                                   0x08000189   Thumb Code     8  __main.o(!!!main)
    __scatterload                            0x08000191   Thumb Code     0  __scatter.o(!!!scatter)
    __scatterload_rt2                        0x08000191   Thumb Code    44  __scatter.o(!!!scatter)
    __scatterload_rt2_thumb_only             0x08000191   Thumb Code     0  __scatter.o(!!!scatter)
    __scatterload_null                       0x0800019f   Thumb Code     0  __scatter.o(!!!scatter)
    __scatterload_copy                       0x080001c5   Thumb Code    26  __scatter_copy.o(!!handler_copy)
    __scatterload_zeroinit                   0x080001e1   Thumb Code    28  __scatter_zi.o(!!handler_zi)
    _printf_f                                0x080001fd   Thumb Code     0  _printf_f.o(.ARM.Collect$$_printf_percent$$00000003)
    _printf_percent                          0x080001fd   Thumb Code     0  _printf_percent.o(.ARM.Collect$$_printf_percent$$00000000)
    _printf_e                                0x08000203   Thumb Code     0  _printf_e.o(.ARM.Collect$$_printf_percent$$00000004)
    _printf_d                                0x08000209   Thumb Code     0  _printf_d.o(.ARM.Collect$$_printf_percent$$00000009)
    _printf_x                                0x0800020f   Thumb Code     0  _printf_x.o(.ARM.Collect$$_printf_percent$$0000000C)
    _printf_percent_end                      0x08000215   Thumb Code     0  _printf_percent_end.o(.ARM.Collect$$_printf_percent$$00000017)
    __rt_lib_init                            0x08000219   Thumb Code     0  libinit.o(.ARM.Collect$$libinit$$00000000)
    __rt_lib_init_fp_1                       0x0800021b   Thumb Code     0  libinit2.o(.ARM.Collect$$libinit$$00000001)
    __rt_lib_init_heap_1                     0x0800021f   Thumb Code     0  libinit2.o(.ARM.Collect$$libinit$$0000000A)
    __rt_lib_init_lc_common                  0x0800021f   Thumb Code     0  libinit2.o(.ARM.Collect$$libinit$$0000000F)
    __rt_lib_init_preinit_1                  0x0800021f   Thumb Code     0  libinit2.o(.ARM.Collect$$libinit$$00000004)
    __rt_lib_init_rand_1                     0x0800021f   Thumb Code     0  libinit2.o(.ARM.Collect$$libinit$$0000000E)
    __rt_lib_init_user_alloc_1               0x0800021f   Thumb Code     0  libinit2.o(.ARM.Collect$$libinit$$0000000C)
    __rt_lib_init_lc_collate_1               0x08000225   Thumb Code     0  libinit2.o(.ARM.Collect$$libinit$$00000011)
    __rt_lib_init_lc_ctype_2                 0x08000225   Thumb Code     0  libinit2.o(.ARM.Collect$$libinit$$00000012)
    __rt_lib_init_lc_ctype_1                 0x08000231   Thumb Code     0  libinit2.o(.ARM.Collect$$libinit$$00000013)
    __rt_lib_init_lc_monetary_1              0x08000231   Thumb Code     0  libinit2.o(.ARM.Collect$$libinit$$00000015)
    __rt_lib_init_lc_numeric_2               0x08000231   Thumb Code     0  libinit2.o(.ARM.Collect$$libinit$$00000016)
    __rt_lib_init_alloca_1                   0x0800023b   Thumb Code     0  libinit2.o(.ARM.Collect$$libinit$$0000002E)
    __rt_lib_init_argv_1                     0x0800023b   Thumb Code     0  libinit2.o(.ARM.Collect$$libinit$$0000002C)
    __rt_lib_init_atexit_1                   0x0800023b   Thumb Code     0  libinit2.o(.ARM.Collect$$libinit$$0000001B)
    __rt_lib_init_clock_1                    0x0800023b   Thumb Code     0  libinit2.o(.ARM.Collect$$libinit$$00000021)
    __rt_lib_init_cpp_1                      0x0800023b   Thumb Code     0  libinit2.o(.ARM.Collect$$libinit$$00000032)
    __rt_lib_init_exceptions_1               0x0800023b   Thumb Code     0  libinit2.o(.ARM.Collect$$libinit$$00000030)
    __rt_lib_init_fp_trap_1                  0x0800023b   Thumb Code     0  libinit2.o(.ARM.Collect$$libinit$$0000001F)
    __rt_lib_init_getenv_1                   0x0800023b   Thumb Code     0  libinit2.o(.ARM.Collect$$libinit$$00000023)
    __rt_lib_init_lc_numeric_1               0x0800023b   Thumb Code     0  libinit2.o(.ARM.Collect$$libinit$$00000017)
    __rt_lib_init_lc_time_1                  0x0800023b   Thumb Code     0  libinit2.o(.ARM.Collect$$libinit$$00000019)
    __rt_lib_init_return                     0x0800023b   Thumb Code     0  libinit2.o(.ARM.Collect$$libinit$$00000033)
    __rt_lib_init_signal_1                   0x0800023b   Thumb Code     0  libinit2.o(.ARM.Collect$$libinit$$0000001D)
    __rt_lib_init_stdio_1                    0x0800023b   Thumb Code     0  libinit2.o(.ARM.Collect$$libinit$$00000025)
    __rt_lib_shutdown                        0x0800023d   Thumb Code     0  libshutdown.o(.ARM.Collect$$libshutdown$$00000000)
    __rt_lib_shutdown_fp_trap_1              0x0800023f   Thumb Code     0  libshutdown2.o(.ARM.Collect$$libshutdown$$00000006)
    __rt_lib_shutdown_heap_1                 0x0800023f   Thumb Code     0  libshutdown2.o(.ARM.Collect$$libshutdown$$0000000E)
    __rt_lib_shutdown_return                 0x0800023f   Thumb Code     0  libshutdown2.o(.ARM.Collect$$libshutdown$$0000000F)
    __rt_lib_shutdown_signal_1               0x0800023f   Thumb Code     0  libshutdown2.o(.ARM.Collect$$libshutdown$$00000009)
    __rt_lib_shutdown_stdio_1                0x0800023f   Thumb Code     0  libshutdown2.o(.ARM.Collect$$libshutdown$$00000003)
    __rt_lib_shutdown_user_alloc_1           0x0800023f   Thumb Code     0  libshutdown2.o(.ARM.Collect$$libshutdown$$0000000B)
    __rt_entry                               0x08000241   Thumb Code     0  __rtentry.o(.ARM.Collect$$rtentry$$00000000)
    __rt_entry_presh_1                       0x08000241   Thumb Code     0  __rtentry2.o(.ARM.Collect$$rtentry$$00000002)
    __rt_entry_sh                            0x08000241   Thumb Code     0  __rtentry4.o(.ARM.Collect$$rtentry$$00000004)
    __rt_entry_li                            0x08000247   Thumb Code     0  __rtentry2.o(.ARM.Collect$$rtentry$$0000000A)
    __rt_entry_postsh_1                      0x08000247   Thumb Code     0  __rtentry2.o(.ARM.Collect$$rtentry$$00000009)
    __rt_entry_main                          0x0800024b   Thumb Code     0  __rtentry2.o(.ARM.Collect$$rtentry$$0000000D)
    __rt_entry_postli_1                      0x0800024b   Thumb Code     0  __rtentry2.o(.ARM.Collect$$rtentry$$0000000C)
    __rt_exit                                0x08000253   Thumb Code     0  rtexit.o(.ARM.Collect$$rtexit$$00000000)
    __rt_exit_ls                             0x08000255   Thumb Code     0  rtexit2.o(.ARM.Collect$$rtexit$$00000003)
    __rt_exit_prels_1                        0x08000255   Thumb Code     0  rtexit2.o(.ARM.Collect$$rtexit$$00000002)
    __rt_exit_exit                           0x08000259   Thumb Code     0  rtexit2.o(.ARM.Collect$$rtexit$$00000004)
    Reset_Handler                            0x08000261   Thumb Code     8  startup_stm32f40_41xxx.o(.text)
    ADC_IRQHandler                           0x0800027b   Thumb Code     0  startup_stm32f40_41xxx.o(.text)
    CAN1_RX0_IRQHandler                      0x0800027b   Thumb Code     0  startup_stm32f40_41xxx.o(.text)
    CAN1_RX1_IRQHandler                      0x0800027b   Thumb Code     0  startup_stm32f40_41xxx.o(.text)
    CAN1_SCE_IRQHandler                      0x0800027b   Thumb Code     0  startup_stm32f40_41xxx.o(.text)
    CAN1_TX_IRQHandler                       0x0800027b   Thumb Code     0  startup_stm32f40_41xxx.o(.text)
    CAN2_RX0_IRQHandler                      0x0800027b   Thumb Code     0  startup_stm32f40_41xxx.o(.text)
    CAN2_RX1_IRQHandler                      0x0800027b   Thumb Code     0  startup_stm32f40_41xxx.o(.text)
    CAN2_SCE_IRQHandler                      0x0800027b   Thumb Code     0  startup_stm32f40_41xxx.o(.text)
    CAN2_TX_IRQHandler                       0x0800027b   Thumb Code     0  startup_stm32f40_41xxx.o(.text)
    CRYP_IRQHandler                          0x0800027b   Thumb Code     0  startup_stm32f40_41xxx.o(.text)
    DCMI_IRQHandler                          0x0800027b   Thumb Code     0  startup_stm32f40_41xxx.o(.text)
    DMA1_Stream0_IRQHandler                  0x0800027b   Thumb Code     0  startup_stm32f40_41xxx.o(.text)
    DMA1_Stream1_IRQHandler                  0x0800027b   Thumb Code     0  startup_stm32f40_41xxx.o(.text)
    DMA1_Stream2_IRQHandler                  0x0800027b   Thumb Code     0  startup_stm32f40_41xxx.o(.text)
    DMA1_Stream3_IRQHandler                  0x0800027b   Thumb Code     0  startup_stm32f40_41xxx.o(.text)
    DMA1_Stream4_IRQHandler                  0x0800027b   Thumb Code     0  startup_stm32f40_41xxx.o(.text)
    DMA1_Stream5_IRQHandler                  0x0800027b   Thumb Code     0  startup_stm32f40_41xxx.o(.text)
    DMA1_Stream6_IRQHandler                  0x0800027b   Thumb Code     0  startup_stm32f40_41xxx.o(.text)
    DMA1_Stream7_IRQHandler                  0x0800027b   Thumb Code     0  startup_stm32f40_41xxx.o(.text)
    DMA2_Stream0_IRQHandler                  0x0800027b   Thumb Code     0  startup_stm32f40_41xxx.o(.text)
    DMA2_Stream1_IRQHandler                  0x0800027b   Thumb Code     0  startup_stm32f40_41xxx.o(.text)
    DMA2_Stream2_IRQHandler                  0x0800027b   Thumb Code     0  startup_stm32f40_41xxx.o(.text)
    DMA2_Stream3_IRQHandler                  0x0800027b   Thumb Code     0  startup_stm32f40_41xxx.o(.text)
    DMA2_Stream4_IRQHandler                  0x0800027b   Thumb Code     0  startup_stm32f40_41xxx.o(.text)
    DMA2_Stream5_IRQHandler                  0x0800027b   Thumb Code     0  startup_stm32f40_41xxx.o(.text)
    DMA2_Stream6_IRQHandler                  0x0800027b   Thumb Code     0  startup_stm32f40_41xxx.o(.text)
    DMA2_Stream7_IRQHandler                  0x0800027b   Thumb Code     0  startup_stm32f40_41xxx.o(.text)
    ETH_IRQHandler                           0x0800027b   Thumb Code     0  startup_stm32f40_41xxx.o(.text)
    ETH_WKUP_IRQHandler                      0x0800027b   Thumb Code     0  startup_stm32f40_41xxx.o(.text)
    EXTI0_IRQHandler                         0x0800027b   Thumb Code     0  startup_stm32f40_41xxx.o(.text)
    EXTI15_10_IRQHandler                     0x0800027b   Thumb Code     0  startup_stm32f40_41xxx.o(.text)
    EXTI1_IRQHandler                         0x0800027b   Thumb Code     0  startup_stm32f40_41xxx.o(.text)
    EXTI2_IRQHandler                         0x0800027b   Thumb Code     0  startup_stm32f40_41xxx.o(.text)
    EXTI3_IRQHandler                         0x0800027b   Thumb Code     0  startup_stm32f40_41xxx.o(.text)
    EXTI4_IRQHandler                         0x0800027b   Thumb Code     0  startup_stm32f40_41xxx.o(.text)
    EXTI9_5_IRQHandler                       0x0800027b   Thumb Code     0  startup_stm32f40_41xxx.o(.text)
    FLASH_IRQHandler                         0x0800027b   Thumb Code     0  startup_stm32f40_41xxx.o(.text)
    FPU_IRQHandler                           0x0800027b   Thumb Code     0  startup_stm32f40_41xxx.o(.text)
    FSMC_IRQHandler                          0x0800027b   Thumb Code     0  startup_stm32f40_41xxx.o(.text)
    HASH_RNG_IRQHandler                      0x0800027b   Thumb Code     0  startup_stm32f40_41xxx.o(.text)
    I2C1_ER_IRQHandler                       0x0800027b   Thumb Code     0  startup_stm32f40_41xxx.o(.text)
    I2C1_EV_IRQHandler                       0x0800027b   Thumb Code     0  startup_stm32f40_41xxx.o(.text)
    I2C2_ER_IRQHandler                       0x0800027b   Thumb Code     0  startup_stm32f40_41xxx.o(.text)
    I2C2_EV_IRQHandler                       0x0800027b   Thumb Code     0  startup_stm32f40_41xxx.o(.text)
    I2C3_ER_IRQHandler                       0x0800027b   Thumb Code     0  startup_stm32f40_41xxx.o(.text)
    I2C3_EV_IRQHandler                       0x0800027b   Thumb Code     0  startup_stm32f40_41xxx.o(.text)
    OTG_FS_IRQHandler                        0x0800027b   Thumb Code     0  startup_stm32f40_41xxx.o(.text)
    OTG_FS_WKUP_IRQHandler                   0x0800027b   Thumb Code     0  startup_stm32f40_41xxx.o(.text)
    OTG_HS_EP1_IN_IRQHandler                 0x0800027b   Thumb Code     0  startup_stm32f40_41xxx.o(.text)
    OTG_HS_EP1_OUT_IRQHandler                0x0800027b   Thumb Code     0  startup_stm32f40_41xxx.o(.text)
    OTG_HS_IRQHandler                        0x0800027b   Thumb Code     0  startup_stm32f40_41xxx.o(.text)
    OTG_HS_WKUP_IRQHandler                   0x0800027b   Thumb Code     0  startup_stm32f40_41xxx.o(.text)
    PVD_IRQHandler                           0x0800027b   Thumb Code     0  startup_stm32f40_41xxx.o(.text)
    RCC_IRQHandler                           0x0800027b   Thumb Code     0  startup_stm32f40_41xxx.o(.text)
    RTC_Alarm_IRQHandler                     0x0800027b   Thumb Code     0  startup_stm32f40_41xxx.o(.text)
    RTC_WKUP_IRQHandler                      0x0800027b   Thumb Code     0  startup_stm32f40_41xxx.o(.text)
    SDIO_IRQHandler                          0x0800027b   Thumb Code     0  startup_stm32f40_41xxx.o(.text)
    SPI1_IRQHandler                          0x0800027b   Thumb Code     0  startup_stm32f40_41xxx.o(.text)
    SPI2_IRQHandler                          0x0800027b   Thumb Code     0  startup_stm32f40_41xxx.o(.text)
    SPI3_IRQHandler                          0x0800027b   Thumb Code     0  startup_stm32f40_41xxx.o(.text)
    TAMP_STAMP_IRQHandler                    0x0800027b   Thumb Code     0  startup_stm32f40_41xxx.o(.text)
    TIM1_BRK_TIM9_IRQHandler                 0x0800027b   Thumb Code     0  startup_stm32f40_41xxx.o(.text)
    TIM1_CC_IRQHandler                       0x0800027b   Thumb Code     0  startup_stm32f40_41xxx.o(.text)
    TIM1_TRG_COM_TIM11_IRQHandler            0x0800027b   Thumb Code     0  startup_stm32f40_41xxx.o(.text)
    TIM1_UP_TIM10_IRQHandler                 0x0800027b   Thumb Code     0  startup_stm32f40_41xxx.o(.text)
    TIM2_IRQHandler                          0x0800027b   Thumb Code     0  startup_stm32f40_41xxx.o(.text)
    TIM3_IRQHandler                          0x0800027b   Thumb Code     0  startup_stm32f40_41xxx.o(.text)
    TIM4_IRQHandler                          0x0800027b   Thumb Code     0  startup_stm32f40_41xxx.o(.text)
    TIM5_IRQHandler                          0x0800027b   Thumb Code     0  startup_stm32f40_41xxx.o(.text)
    TIM6_DAC_IRQHandler                      0x0800027b   Thumb Code     0  startup_stm32f40_41xxx.o(.text)
    TIM7_IRQHandler                          0x0800027b   Thumb Code     0  startup_stm32f40_41xxx.o(.text)
    TIM8_BRK_TIM12_IRQHandler                0x0800027b   Thumb Code     0  startup_stm32f40_41xxx.o(.text)
    TIM8_CC_IRQHandler                       0x0800027b   Thumb Code     0  startup_stm32f40_41xxx.o(.text)
    TIM8_TRG_COM_TIM14_IRQHandler            0x0800027b   Thumb Code     0  startup_stm32f40_41xxx.o(.text)
    TIM8_UP_TIM13_IRQHandler                 0x0800027b   Thumb Code     0  startup_stm32f40_41xxx.o(.text)
    USART6_IRQHandler                        0x0800027b   Thumb Code     0  startup_stm32f40_41xxx.o(.text)
    WWDG_IRQHandler                          0x0800027b   Thumb Code     0  startup_stm32f40_41xxx.o(.text)
    __user_initial_stackheap                 0x0800027d   Thumb Code     0  startup_stm32f40_41xxx.o(.text)
    __use_no_semihosting                     0x080002a1   Thumb Code     2  use_no_semi_2.o(.text)
    tolower                                  0x080002a3   Thumb Code    26  tolower.o(.text)
    __2printf                                0x080002bd   Thumb Code    20  noretval__2printf.o(.text)
    __2sprintf                               0x080002d5   Thumb Code    34  noretval__2sprintf.o(.text)
    _printf_pre_padding                      0x080002fd   Thumb Code    44  _printf_pad.o(.text)
    _printf_post_padding                     0x08000329   Thumb Code    34  _printf_pad.o(.text)
    _printf_int_dec                          0x0800034d   Thumb Code   104  _printf_dec.o(.text)
    _printf_int_hex                          0x080003c5   Thumb Code    84  _printf_hex_int.o(.text)
    _printf_longlong_hex                     0x080003c5   Thumb Code     0  _printf_hex_int.o(.text)
    __printf                                 0x0800041d   Thumb Code   308  __printf_flags_wp.o(.text)
    strchr                                   0x08000555   Thumb Code    20  strchr.o(.text)
    strcpy                                   0x08000569   Thumb Code    72  strcpy.o(.text)
    strlen                                   0x080005b1   Thumb Code    62  strlen.o(.text)
    strncmp                                  0x080005ef   Thumb Code   150  strncmp.o(.text)
    __aeabi_memcpy                           0x08000685   Thumb Code     0  rt_memcpy_v6.o(.text)
    __rt_memcpy                              0x08000685   Thumb Code   138  rt_memcpy_v6.o(.text)
    _memcpy_lastbytes                        0x080006eb   Thumb Code     0  rt_memcpy_v6.o(.text)
    __aeabi_memclr                           0x0800070f   Thumb Code     0  rt_memclr.o(.text)
    __rt_memclr                              0x0800070f   Thumb Code    68  rt_memclr.o(.text)
    _memset                                  0x08000713   Thumb Code     0  rt_memclr.o(.text)
    __aeabi_memclr4                          0x08000753   Thumb Code     0  rt_memclr_w.o(.text)
    __aeabi_memclr8                          0x08000753   Thumb Code     0  rt_memclr_w.o(.text)
    __rt_memclr_w                            0x08000753   Thumb Code    78  rt_memclr_w.o(.text)
    _memset_w                                0x08000757   Thumb Code     0  rt_memclr_w.o(.text)
    strncpy                                  0x080007a1   Thumb Code    86  strncpy.o(.text)
    __use_two_region_memory                  0x080007f7   Thumb Code     2  heapauxi.o(.text)
    __rt_heap_escrow                         0x080007f9   Thumb Code     2  heapauxi.o(.text)
    __rt_heap_expand                         0x080007fb   Thumb Code     2  heapauxi.o(.text)
    __I$use$semihosting                      0x080007fd   Thumb Code     0  use_no_semi.o(.text)
    __use_no_semihosting_swi                 0x080007fd   Thumb Code     2  use_no_semi.o(.text)
    __rt_ctype_table                         0x08000801   Thumb Code    16  rt_ctype_table.o(.text)
    __read_errno                             0x08000811   Thumb Code    10  _rserrno.o(.text)
    __set_errno                              0x0800081b   Thumb Code    12  _rserrno.o(.text)
    _printf_int_common                       0x08000827   Thumb Code   178  _printf_intcommon.o(.text)
    __lib_sel_fp_printf                      0x080008d9   Thumb Code     2  _printf_fp_dec.o(.text)
    _printf_fp_dec_real                      0x08000a87   Thumb Code   620  _printf_fp_dec.o(.text)
    _printf_char_common                      0x08000cff   Thumb Code    32  _printf_char_common.o(.text)
    _sputc                                   0x08000d25   Thumb Code    10  _sputc.o(.text)
    _printf_char_file                        0x08000d31   Thumb Code    32  _printf_char_file.o(.text)
    __aeabi_memcpy4                          0x08000d55   Thumb Code     0  rt_memcpy_w.o(.text)
    __aeabi_memcpy8                          0x08000d55   Thumb Code     0  rt_memcpy_w.o(.text)
    __rt_memcpy_w                            0x08000d55   Thumb Code   100  rt_memcpy_w.o(.text)
    _memcpy_lastbytes_aligned                0x08000d9d   Thumb Code     0  rt_memcpy_w.o(.text)
    __user_libspace                          0x08000db9   Thumb Code     8  libspace.o(.text)
    __user_perproc_libspace                  0x08000db9   Thumb Code     0  libspace.o(.text)
    __user_perthread_libspace                0x08000db9   Thumb Code     0  libspace.o(.text)
    __rt_locale                              0x08000dc1   Thumb Code     8  rt_locale_intlibspace.o(.text)
    __aeabi_errno_addr                       0x08000dc9   Thumb Code     8  rt_errno_addr_intlibspace.o(.text)
    __errno$intlibspace                      0x08000dc9   Thumb Code     0  rt_errno_addr_intlibspace.o(.text)
    __rt_errno_addr$intlibspace              0x08000dc9   Thumb Code     0  rt_errno_addr_intlibspace.o(.text)
    _ll_udiv10                               0x08000dd1   Thumb Code   138  lludiv10.o(.text)
    _printf_fp_infnan                        0x08000e5d   Thumb Code   112  _printf_fp_infnan.o(.text)
    _btod_etento                             0x08000edd   Thumb Code   216  bigflt0.o(.text)
    ferror                                   0x08000fb9   Thumb Code     8  ferror.o(.text)
    __user_setup_stackheap                   0x08000fc1   Thumb Code    74  sys_stackheap_outer.o(.text)
    exit                                     0x0800100b   Thumb Code    12  exit.o(.text)
    strcmp                                   0x08001019   Thumb Code   128  strcmpv7m.o(.text)
    _btod_d2e                                0x08001099   Thumb Code    62  btod.o(CL$$btod_d2e)
    _d2e_denorm_low                          0x080010d7   Thumb Code    70  btod.o(CL$$btod_d2e_denorm_low)
    _d2e_norm_op1                            0x0800111d   Thumb Code    96  btod.o(CL$$btod_d2e_norm_op1)
    __btod_div_common                        0x0800117d   Thumb Code   696  btod.o(CL$$btod_div_common)
    _e2e                                     0x080014b5   Thumb Code   198  btod.o(CL$$btod_e2e)
    _btod_ediv                               0x0800157b   Thumb Code    40  btod.o(CL$$btod_ediv)
    _btod_emul                               0x080015a3   Thumb Code    40  btod.o(CL$$btod_emul)
    __btod_mult_common                       0x080015cb   Thumb Code   580  btod.o(CL$$btod_mult_common)
    AiwacMasterSendOrderCar1                 0x08001811   Thumb Code   226  aiwacmaster.o(i.AiwacMasterSendOrderCar1)
    AiwacMasterSendOrderCar2                 0x08001931   Thumb Code   226  aiwacmaster.o(i.AiwacMasterSendOrderCar2)
    BusFault_Handler                         0x08001a51   Thumb Code     4  stm32f4xx_it.o(i.BusFault_Handler)
    DebugMon_Handler                         0x08001a55   Thumb Code     2  stm32f4xx_it.o(i.DebugMon_Handler)
    GPIO_Init                                0x08001a57   Thumb Code   144  stm32f4xx_gpio.o(i.GPIO_Init)
    GPIO_PinAFConfig                         0x08001ae7   Thumb Code    70  stm32f4xx_gpio.o(i.GPIO_PinAFConfig)
    GPIO_SetBits                             0x08001b2d   Thumb Code     4  stm32f4xx_gpio.o(i.GPIO_SetBits)
    HardFault_Handler                        0x08001b31   Thumb Code     4  stm32f4xx_it.o(i.HardFault_Handler)
    LED_Init                                 0x08001b35   Thumb Code    60  led.o(i.LED_Init)
    MemManage_Handler                        0x08001b75   Thumb Code     4  stm32f4xx_it.o(i.MemManage_Handler)
    NMI_Handler                              0x08001b79   Thumb Code     2  stm32f4xx_it.o(i.NMI_Handler)
    NVIC_Init                                0x08001b7d   Thumb Code   106  misc.o(i.NVIC_Init)
    NVIC_PriorityGroupConfig                 0x08001bf5   Thumb Code    10  misc.o(i.NVIC_PriorityGroupConfig)
    PaserCar1_State                          0x08001c09   Thumb Code    96  aiwacmaster.o(i.PaserCar1_State)
    PaserCar2_State                          0x08001ca1   Thumb Code    96  aiwacmaster.o(i.PaserCar2_State)
    PendSV_Handler                           0x08001d39   Thumb Code     2  stm32f4xx_it.o(i.PendSV_Handler)
    RCC_AHB1PeriphClockCmd                   0x08001d3d   Thumb Code    26  stm32f4xx_rcc.o(i.RCC_AHB1PeriphClockCmd)
    RCC_APB1PeriphClockCmd                   0x08001d5d   Thumb Code    26  stm32f4xx_rcc.o(i.RCC_APB1PeriphClockCmd)
    RCC_APB2PeriphClockCmd                   0x08001d7d   Thumb Code    26  stm32f4xx_rcc.o(i.RCC_APB2PeriphClockCmd)
    RCC_GetClocksFreq                        0x08001d9d   Thumb Code   214  stm32f4xx_rcc.o(i.RCC_GetClocksFreq)
    SVC_Handler                              0x08001e85   Thumb Code     2  stm32f4xx_it.o(i.SVC_Handler)
    SysTick_CLKSourceConfig                  0x08001f75   Thumb Code    40  misc.o(i.SysTick_CLKSourceConfig)
    SysTick_Handler                          0x08001f9d   Thumb Code     2  stm32f4xx_it.o(i.SysTick_Handler)
    SystemInit                               0x08001fa1   Thumb Code    88  system_stm32f4xx.o(i.SystemInit)
    UART4_IRQHandler                         0x08002009   Thumb Code    30  usart.o(i.UART4_IRQHandler)
    UART5_IRQHandler                         0x08002035   Thumb Code    28  usart.o(i.UART5_IRQHandler)
    USART1_IRQHandler                        0x0800205d   Thumb Code   122  usart.o(i.USART1_IRQHandler)
    USART2StateTo0                           0x080020e5   Thumb Code    42  usart.o(i.USART2StateTo0)
    USART2_IRQHandler                        0x08002129   Thumb Code   220  usart.o(i.USART2_IRQHandler)
    USART3StateTo0                           0x08002225   Thumb Code    42  usart.o(i.USART3StateTo0)
    USART3_IRQHandler                        0x08002269   Thumb Code   198  usart.o(i.USART3_IRQHandler)
    USART_Cmd                                0x08002351   Thumb Code    24  stm32f4xx_usart.o(i.USART_Cmd)
    USART_GetITStatus                        0x08002369   Thumb Code    84  stm32f4xx_usart.o(i.USART_GetITStatus)
    USART_ITConfig                           0x080023bd   Thumb Code    74  stm32f4xx_usart.o(i.USART_ITConfig)
    USART_Init                               0x08002409   Thumb Code   204  stm32f4xx_usart.o(i.USART_Init)
    USART_ReceiveData                        0x080024dd   Thumb Code    10  stm32f4xx_usart.o(i.USART_ReceiveData)
    UsageFault_Handler                       0x080024e7   Thumb Code     4  stm32f4xx_it.o(i.UsageFault_Handler)
    __ARM_fpclassify                         0x080024eb   Thumb Code    48  fpclassify.o(i.__ARM_fpclassify)
    __hardfp_fabs                            0x0800251b   Thumb Code    20  fabs.o(i.__hardfp_fabs)
    __hardfp_floor                           0x08002531   Thumb Code   252  floor.o(i.__hardfp_floor)
    __hardfp_pow                             0x08002649   Thumb Code  3044  pow.o(i.__hardfp_pow)
    __kernel_poly                            0x08003281   Thumb Code   248  poly.o(i.__kernel_poly)
    __mathlib_dbl_divzero                    0x08003379   Thumb Code    28  dunder.o(i.__mathlib_dbl_divzero)
    __mathlib_dbl_infnan2                    0x080033a9   Thumb Code    20  dunder.o(i.__mathlib_dbl_infnan2)
    __mathlib_dbl_invalid                    0x080033c1   Thumb Code    24  dunder.o(i.__mathlib_dbl_invalid)
    __mathlib_dbl_overflow                   0x080033e1   Thumb Code    24  dunder.o(i.__mathlib_dbl_overflow)
    __mathlib_dbl_underflow                  0x08003401   Thumb Code    24  dunder.o(i.__mathlib_dbl_underflow)
    _is_digit                                0x08003421   Thumb Code    14  __printf_wp.o(i._is_digit)
    _sys_exit                                0x0800342f   Thumb Code     6  usart.o(i._sys_exit)
    cJSON_AddItemToArray                     0x08003435   Thumb Code    42  cjson.o(i.cJSON_AddItemToArray)
    cJSON_AddItemToObject                    0x08003461   Thumb Code    44  cjson.o(i.cJSON_AddItemToObject)
    cJSON_CreateNumber                       0x08003491   Thumb Code    48  cjson.o(i.cJSON_CreateNumber)
    cJSON_CreateObject                       0x080034c1   Thumb Code    18  cjson.o(i.cJSON_CreateObject)
    cJSON_Delete                             0x080034d5   Thumb Code    74  cjson.o(i.cJSON_Delete)
    cJSON_GetObjectItem                      0x08003525   Thumb Code    30  cjson.o(i.cJSON_GetObjectItem)
    cJSON_Parse                              0x08003565   Thumb Code    16  cjson.o(i.cJSON_Parse)
    cJSON_ParseWithOpts                      0x08003575   Thumb Code    96  cjson.o(i.cJSON_ParseWithOpts)
    cJSON_Print                              0x080035d9   Thumb Code    16  cjson.o(i.cJSON_Print)
    delay_init                               0x08003661   Thumb Code    52  delay.o(i.delay_init)
    delay_ms                                 0x0800369d   Thumb Code    56  delay.o(i.delay_ms)
    delay_xms                                0x080036d5   Thumb Code    72  delay.o(i.delay_xms)
    designFSpeed2                            0x08003721   Thumb Code   370  aiwacmaster.o(i.designFSpeed2)
    fabs                                     0x080038d5   Thumb Code    24  fabs.o(i.fabs)
    fputc                                    0x080038ed   Thumb Code    22  usart.o(i.fputc)
    goGoalPosition                           0x08003909   Thumb Code  1386  aiwacmaster.o(i.goGoalPosition)
    main                                     0x08003ec1   Thumb Code    86  main.o(i.main)
    mem_free                                 0x08003f31   Thumb Code    66  malloc.o(i.mem_free)
    mem_init                                 0x08003f79   Thumb Code    38  malloc.o(i.mem_init)
    mem_malloc                               0x08003fa5   Thumb Code   116  malloc.o(i.mem_malloc)
    mem_perused                              0x0800401d   Thumb Code    36  malloc.o(i.mem_perused)
    myabs_double                             0x08004045   Thumb Code    68  aiwacmaster.o(i.myabs_double)
    myfree                                   0x08004091   Thumb Code    24  malloc.o(i.myfree)
    mymalloc                                 0x080040ad   Thumb Code    28  malloc.o(i.mymalloc)
    mymemset                                 0x080040cd   Thumb Code    20  malloc.o(i.mymemset)
    sendTuringOrder                          0x08004f7d   Thumb Code    40  aiwacmaster.o(i.sendTuringOrder)
    sqrt                                     0x08004fcb   Thumb Code   110  sqrt.o(i.sqrt)
    uart1_init                               0x08005041   Thumb Code   164  usart.o(i.uart1_init)
    uart2_init                               0x080050ed   Thumb Code   164  usart.o(i.uart2_init)
    uart3_init                               0x08005199   Thumb Code   166  usart.o(i.uart3_init)
    usart2_sendString                        0x08005249   Thumb Code    40  usart.o(i.usart2_sendString)
    usart3_sendString                        0x08005275   Thumb Code    40  usart.o(i.usart3_sendString)
    _get_lc_ctype                            0x080052a1   Thumb Code    44  lc_ctype_c.o(locale$$code)
    _get_lc_numeric                          0x080052cd   Thumb Code    44  lc_numeric_c.o(locale$$code)
    __aeabi_dneg                             0x080052f9   Thumb Code     0  basic.o(x$fpl$basic)
    _dneg                                    0x080052f9   Thumb Code     6  basic.o(x$fpl$basic)
    __aeabi_fneg                             0x080052ff   Thumb Code     0  basic.o(x$fpl$basic)
    _fneg                                    0x080052ff   Thumb Code     6  basic.o(x$fpl$basic)
    _dabs                                    0x08005305   Thumb Code     6  basic.o(x$fpl$basic)
    _fabs                                    0x0800530b   Thumb Code     6  basic.o(x$fpl$basic)
    __aeabi_dadd                             0x08005311   Thumb Code     0  daddsub_clz.o(x$fpl$dadd)
    _dadd                                    0x08005311   Thumb Code   332  daddsub_clz.o(x$fpl$dadd)
    __fpl_dcheck_NaN1                        0x08005461   Thumb Code    10  dcheck1.o(x$fpl$dcheck1)
    __fpl_dcmp_Inf                           0x08005471   Thumb Code    24  dcmpi.o(x$fpl$dcmpinf)
    __aeabi_ddiv                             0x08005489   Thumb Code     0  ddiv.o(x$fpl$ddiv)
    _ddiv                                    0x08005489   Thumb Code   552  ddiv.o(x$fpl$ddiv)
    __aeabi_d2iz                             0x08005739   Thumb Code     0  dfix.o(x$fpl$dfix)
    _dfix                                    0x08005739   Thumb Code    94  dfix.o(x$fpl$dfix)
    __aeabi_i2d                              0x08005797   Thumb Code     0  dflt_clz.o(x$fpl$dflt)
    _dflt                                    0x08005797   Thumb Code    46  dflt_clz.o(x$fpl$dflt)
    __aeabi_cdcmple                          0x080057c5   Thumb Code     0  dleqf.o(x$fpl$dleqf)
    _dcmple                                  0x080057c5   Thumb Code   120  dleqf.o(x$fpl$dleqf)
    __fpl_dcmple_InfNaN                      0x08005827   Thumb Code     0  dleqf.o(x$fpl$dleqf)
    __aeabi_dmul                             0x0800583d   Thumb Code     0  dmul.o(x$fpl$dmul)
    _dmul                                    0x0800583d   Thumb Code   332  dmul.o(x$fpl$dmul)
    __fpl_dnaninf                            0x08005991   Thumb Code   156  dnaninf.o(x$fpl$dnaninf)
    __fpl_dretinf                            0x08005a2d   Thumb Code    12  dretinf.o(x$fpl$dretinf)
    __aeabi_cdrcmple                         0x08005a39   Thumb Code     0  drleqf.o(x$fpl$drleqf)
    _drcmple                                 0x08005a39   Thumb Code   108  drleqf.o(x$fpl$drleqf)
    __aeabi_drsub                            0x08005aa5   Thumb Code     0  daddsub_clz.o(x$fpl$drsb)
    _drsb                                    0x08005aa5   Thumb Code    22  daddsub_clz.o(x$fpl$drsb)
    _dsqrt                                   0x08005abd   Thumb Code   404  dsqrt_umaal.o(x$fpl$dsqrt)
    __aeabi_dsub                             0x08005c55   Thumb Code     0  daddsub_clz.o(x$fpl$dsub)
    _dsub                                    0x08005c55   Thumb Code   464  daddsub_clz.o(x$fpl$dsub)
    _fp_init                                 0x08005e29   Thumb Code    10  fpinit.o(x$fpl$fpinit)
    __fplib_config_fpu_vfp                   0x08005e31   Thumb Code     0  fpinit.o(x$fpl$fpinit)
    __fplib_config_pureend_doubles           0x08005e31   Thumb Code     0  fpinit.o(x$fpl$fpinit)
    _printf_fp_dec                           0x08005e33   Thumb Code     4  printf1.o(x$fpl$printf1)
    __fpl_return_NaN                         0x08005e37   Thumb Code   100  retnan.o(x$fpl$retnan)
    __ARM_scalbn                             0x08005e9b   Thumb Code    92  scalbn.o(x$fpl$scalbn)
    __fpl_cmpreturn                          0x08005ef7   Thumb Code    48  trapv.o(x$fpl$trapveneer)
    __I$use$fp                               0x08005f26   Number         0  usenofp.o(x$fpl$usenofp)
    __mathlib_zero                           0x08005ff0   Data           8  qnan.o(.constdata)
    Region$$Table$$Base                      0x0800608c   Number         0  anon$$obj.o(Region$$Table)
    Region$$Table$$Limit                     0x080060ac   Number         0  anon$$obj.o(Region$$Table)
    __ctype                                  0x080060b9   Data           0  lc_ctype_c.o(locale$$data)
    __stdout                                 0x20000004   Data           4  usart.o(.data)
    USART_RX_STA                             0x20000008   Data           2  usart.o(.data)
    USART2_RX_STA                            0x2000000a   Data           2  usart.o(.data)
    UASRT2                                   0x2000000c   Data           1  usart.o(.data)
    USART2_startMS                           0x2000000d   Data           1  usart.o(.data)
    USART2_startGetMS                        0x2000000e   Data           1  usart.o(.data)
    USART2_dataLen                           0x20000010   Data           4  usart.o(.data)
    USART2_jsonDataCount                     0x20000014   Data           4  usart.o(.data)
    uart2GetLen                              0x20000018   Data           4  usart.o(.data)
    USART3_RX_STA                            0x2000001c   Data           2  usart.o(.data)
    UASRT3                                   0x2000001e   Data           1  usart.o(.data)
    USART3_startMS                           0x2000001f   Data           1  usart.o(.data)
    USART3_startGetMS                        0x20000020   Data           1  usart.o(.data)
    USART3_dataLen                           0x20000024   Data           4  usart.o(.data)
    USART3_jsonDataCount                     0x20000028   Data           4  usart.o(.data)
    uart3GetLen                              0x2000002c   Data           4  usart.o(.data)
    mallco_dev                               0x2000004c   Data          20  malloc.o(.data)
    Car1_CorrectState                        0x20000060   Data           4  aiwacmaster.o(.data)
    Car1_FDistance                           0x20000068   Data           8  aiwacmaster.o(.data)
    Car1_moveState                           0x20000070   Data           4  aiwacmaster.o(.data)
    Car2_CorrectState                        0x20000074   Data           4  aiwacmaster.o(.data)
    Car2_FDistance                           0x20000078   Data           8  aiwacmaster.o(.data)
    Car2_moveState                           0x20000080   Data           4  aiwacmaster.o(.data)
    USART_RX_BUF                             0x20000084   Data         200  usart.o(.bss)
    USART2_TX_BUF                            0x2000014c   Data         400  usart.o(.bss)
    USART2_RX_BUF                            0x200002dc   Data         400  usart.o(.bss)
    USART2_jsonBuF                           0x2000046c   Data        1000  usart.o(.bss)
    USART2_jsonParseBuF                      0x20000854   Data        1000  usart.o(.bss)
    USART3_TX_BUF                            0x20000c3c   Data         400  usart.o(.bss)
    USART3_RX_BUF                            0x20000dcc   Data         400  usart.o(.bss)
    USART3_jsonBuF                           0x20000f5c   Data        1000  usart.o(.bss)
    USART3_jsonParseBuF                      0x20001344   Data        1000  usart.o(.bss)
    membase                                  0x2000172c   Data       16384  malloc.o(.bss)
    memmapbase                               0x2000572c   Data        1024  malloc.o(.bss)
    __libspace_start                         0x20005b2c   Data          96  libspace.o(.bss)
    __temporary_stack_top$libspace           0x20005b8c   Data           0  libspace.o(.bss)



==============================================================================

Memory Map of the image

  Image Entry point : 0x08000189

  Load Region LR_IROM1 (Base: 0x08000000, Size: 0x0000625c, Max: 0x00100000, ABSOLUTE)

    Execution Region ER_IROM1 (Base: 0x08000000, Size: 0x000061d8, Max: 0x00100000, ABSOLUTE)

    Base Addr    Size         Type   Attr      Idx    E Section Name        Object

    0x08000000   0x00000188   Data   RO          583    RESET               startup_stm32f40_41xxx.o
    0x08000188   0x00000008   Code   RO         1963  * !!!main             c_w.l(__main.o)
    0x08000190   0x00000034   Code   RO         2341    !!!scatter          c_w.l(__scatter.o)
    0x080001c4   0x0000001a   Code   RO         2343    !!handler_copy      c_w.l(__scatter_copy.o)
    0x080001de   0x00000002   PAD
    0x080001e0   0x0000001c   Code   RO         2345    !!handler_zi        c_w.l(__scatter_zi.o)
    0x080001fc   0x00000000   Code   RO         1944    .ARM.Collect$$_printf_percent$$00000000  c_w.l(_printf_percent.o)
    0x080001fc   0x00000006   Code   RO         1942    .ARM.Collect$$_printf_percent$$00000003  c_w.l(_printf_f.o)
    0x08000202   0x00000006   Code   RO         1943    .ARM.Collect$$_printf_percent$$00000004  c_w.l(_printf_e.o)
    0x08000208   0x00000006   Code   RO         1941    .ARM.Collect$$_printf_percent$$00000009  c_w.l(_printf_d.o)
    0x0800020e   0x00000006   Code   RO         1940    .ARM.Collect$$_printf_percent$$0000000C  c_w.l(_printf_x.o)
    0x08000214   0x00000004   Code   RO         2067    .ARM.Collect$$_printf_percent$$00000017  c_w.l(_printf_percent_end.o)
    0x08000218   0x00000002   Code   RO         2279    .ARM.Collect$$libinit$$00000000  c_w.l(libinit.o)
    0x0800021a   0x00000004   Code   RO         2072    .ARM.Collect$$libinit$$00000001  c_w.l(libinit2.o)
    0x0800021e   0x00000000   Code   RO         2075    .ARM.Collect$$libinit$$00000004  c_w.l(libinit2.o)
    0x0800021e   0x00000000   Code   RO         2078    .ARM.Collect$$libinit$$0000000A  c_w.l(libinit2.o)
    0x0800021e   0x00000000   Code   RO         2080    .ARM.Collect$$libinit$$0000000C  c_w.l(libinit2.o)
    0x0800021e   0x00000000   Code   RO         2082    .ARM.Collect$$libinit$$0000000E  c_w.l(libinit2.o)
    0x0800021e   0x00000006   Code   RO         2083    .ARM.Collect$$libinit$$0000000F  c_w.l(libinit2.o)
    0x08000224   0x00000000   Code   RO         2085    .ARM.Collect$$libinit$$00000011  c_w.l(libinit2.o)
    0x08000224   0x0000000c   Code   RO         2086    .ARM.Collect$$libinit$$00000012  c_w.l(libinit2.o)
    0x08000230   0x00000000   Code   RO         2087    .ARM.Collect$$libinit$$00000013  c_w.l(libinit2.o)
    0x08000230   0x00000000   Code   RO         2089    .ARM.Collect$$libinit$$00000015  c_w.l(libinit2.o)
    0x08000230   0x0000000a   Code   RO         2090    .ARM.Collect$$libinit$$00000016  c_w.l(libinit2.o)
    0x0800023a   0x00000000   Code   RO         2091    .ARM.Collect$$libinit$$00000017  c_w.l(libinit2.o)
    0x0800023a   0x00000000   Code   RO         2093    .ARM.Collect$$libinit$$00000019  c_w.l(libinit2.o)
    0x0800023a   0x00000000   Code   RO         2095    .ARM.Collect$$libinit$$0000001B  c_w.l(libinit2.o)
    0x0800023a   0x00000000   Code   RO         2097    .ARM.Collect$$libinit$$0000001D  c_w.l(libinit2.o)
    0x0800023a   0x00000000   Code   RO         2099    .ARM.Collect$$libinit$$0000001F  c_w.l(libinit2.o)
    0x0800023a   0x00000000   Code   RO         2101    .ARM.Collect$$libinit$$00000021  c_w.l(libinit2.o)
    0x0800023a   0x00000000   Code   RO         2103    .ARM.Collect$$libinit$$00000023  c_w.l(libinit2.o)
    0x0800023a   0x00000000   Code   RO         2105    .ARM.Collect$$libinit$$00000025  c_w.l(libinit2.o)
    0x0800023a   0x00000000   Code   RO         2109    .ARM.Collect$$libinit$$0000002C  c_w.l(libinit2.o)
    0x0800023a   0x00000000   Code   RO         2111    .ARM.Collect$$libinit$$0000002E  c_w.l(libinit2.o)
    0x0800023a   0x00000000   Code   RO         2113    .ARM.Collect$$libinit$$00000030  c_w.l(libinit2.o)
    0x0800023a   0x00000000   Code   RO         2115    .ARM.Collect$$libinit$$00000032  c_w.l(libinit2.o)
    0x0800023a   0x00000002   Code   RO         2116    .ARM.Collect$$libinit$$00000033  c_w.l(libinit2.o)
    0x0800023c   0x00000002   Code   RO         2338    .ARM.Collect$$libshutdown$$00000000  c_w.l(libshutdown.o)
    0x0800023e   0x00000000   Code   RO         2294    .ARM.Collect$$libshutdown$$00000003  c_w.l(libshutdown2.o)
    0x0800023e   0x00000000   Code   RO         2297    .ARM.Collect$$libshutdown$$00000006  c_w.l(libshutdown2.o)
    0x0800023e   0x00000000   Code   RO         2300    .ARM.Collect$$libshutdown$$00000009  c_w.l(libshutdown2.o)
    0x0800023e   0x00000000   Code   RO         2302    .ARM.Collect$$libshutdown$$0000000B  c_w.l(libshutdown2.o)
    0x0800023e   0x00000000   Code   RO         2305    .ARM.Collect$$libshutdown$$0000000E  c_w.l(libshutdown2.o)
    0x0800023e   0x00000002   Code   RO         2306    .ARM.Collect$$libshutdown$$0000000F  c_w.l(libshutdown2.o)
    0x08000240   0x00000000   Code   RO         2027    .ARM.Collect$$rtentry$$00000000  c_w.l(__rtentry.o)
    0x08000240   0x00000000   Code   RO         2165    .ARM.Collect$$rtentry$$00000002  c_w.l(__rtentry2.o)
    0x08000240   0x00000006   Code   RO         2177    .ARM.Collect$$rtentry$$00000004  c_w.l(__rtentry4.o)
    0x08000246   0x00000000   Code   RO         2167    .ARM.Collect$$rtentry$$00000009  c_w.l(__rtentry2.o)
    0x08000246   0x00000004   Code   RO         2168    .ARM.Collect$$rtentry$$0000000A  c_w.l(__rtentry2.o)
    0x0800024a   0x00000000   Code   RO         2170    .ARM.Collect$$rtentry$$0000000C  c_w.l(__rtentry2.o)
    0x0800024a   0x00000008   Code   RO         2171    .ARM.Collect$$rtentry$$0000000D  c_w.l(__rtentry2.o)
    0x08000252   0x00000002   Code   RO         2282    .ARM.Collect$$rtexit$$00000000  c_w.l(rtexit.o)
    0x08000254   0x00000000   Code   RO         2312    .ARM.Collect$$rtexit$$00000002  c_w.l(rtexit2.o)
    0x08000254   0x00000004   Code   RO         2313    .ARM.Collect$$rtexit$$00000003  c_w.l(rtexit2.o)
    0x08000258   0x00000006   Code   RO         2314    .ARM.Collect$$rtexit$$00000004  c_w.l(rtexit2.o)
    0x0800025e   0x00000002   PAD
    0x08000260   0x00000040   Code   RO          584    .text               startup_stm32f40_41xxx.o
    0x080002a0   0x00000002   Code   RO         1819    .text               c_w.l(use_no_semi_2.o)
    0x080002a2   0x0000001a   Code   RO         1883    .text               c_w.l(tolower.o)
    0x080002bc   0x00000018   Code   RO         1889    .text               c_w.l(noretval__2printf.o)
    0x080002d4   0x00000028   Code   RO         1891    .text               c_w.l(noretval__2sprintf.o)
    0x080002fc   0x0000004e   Code   RO         1895    .text               c_w.l(_printf_pad.o)
    0x0800034a   0x00000002   PAD
    0x0800034c   0x00000078   Code   RO         1897    .text               c_w.l(_printf_dec.o)
    0x080003c4   0x00000058   Code   RO         1902    .text               c_w.l(_printf_hex_int.o)
    0x0800041c   0x00000138   Code   RO         1932    .text               c_w.l(__printf_flags_wp.o)
    0x08000554   0x00000014   Code   RO         1945    .text               c_w.l(strchr.o)
    0x08000568   0x00000048   Code   RO         1947    .text               c_w.l(strcpy.o)
    0x080005b0   0x0000003e   Code   RO         1949    .text               c_w.l(strlen.o)
    0x080005ee   0x00000096   Code   RO         1951    .text               c_w.l(strncmp.o)
    0x08000684   0x0000008a   Code   RO         1953    .text               c_w.l(rt_memcpy_v6.o)
    0x0800070e   0x00000044   Code   RO         1955    .text               c_w.l(rt_memclr.o)
    0x08000752   0x0000004e   Code   RO         1957    .text               c_w.l(rt_memclr_w.o)
    0x080007a0   0x00000056   Code   RO         1959    .text               c_w.l(strncpy.o)
    0x080007f6   0x00000006   Code   RO         1961    .text               c_w.l(heapauxi.o)
    0x080007fc   0x00000002   Code   RO         2023    .text               c_w.l(use_no_semi.o)
    0x080007fe   0x00000002   PAD
    0x08000800   0x00000010   Code   RO         2028    .text               c_w.l(rt_ctype_table.o)
    0x08000810   0x00000016   Code   RO         2055    .text               c_w.l(_rserrno.o)
    0x08000826   0x000000b2   Code   RO         2057    .text               c_w.l(_printf_intcommon.o)
    0x080008d8   0x0000041a   Code   RO         2059    .text               c_w.l(_printf_fp_dec.o)
    0x08000cf2   0x00000002   PAD
    0x08000cf4   0x00000030   Code   RO         2061    .text               c_w.l(_printf_char_common.o)
    0x08000d24   0x0000000a   Code   RO         2063    .text               c_w.l(_sputc.o)
    0x08000d2e   0x00000002   PAD
    0x08000d30   0x00000024   Code   RO         2065    .text               c_w.l(_printf_char_file.o)
    0x08000d54   0x00000064   Code   RO         2068    .text               c_w.l(rt_memcpy_w.o)
    0x08000db8   0x00000008   Code   RO         2161    .text               c_w.l(libspace.o)
    0x08000dc0   0x00000008   Code   RO         2182    .text               c_w.l(rt_locale_intlibspace.o)
    0x08000dc8   0x00000008   Code   RO         2187    .text               c_w.l(rt_errno_addr_intlibspace.o)
    0x08000dd0   0x0000008a   Code   RO         2197    .text               c_w.l(lludiv10.o)
    0x08000e5a   0x00000002   PAD
    0x08000e5c   0x00000080   Code   RO         2199    .text               c_w.l(_printf_fp_infnan.o)
    0x08000edc   0x000000dc   Code   RO         2203    .text               c_w.l(bigflt0.o)
    0x08000fb8   0x00000008   Code   RO         2228    .text               c_w.l(ferror.o)
    0x08000fc0   0x0000004a   Code   RO         2256    .text               c_w.l(sys_stackheap_outer.o)
    0x0800100a   0x0000000c   Code   RO         2262    .text               c_w.l(exit.o)
    0x08001016   0x00000002   PAD
    0x08001018   0x00000080   Code   RO         2268    .text               c_w.l(strcmpv7m.o)
    0x08001098   0x0000003e   Code   RO         2206    CL$$btod_d2e        c_w.l(btod.o)
    0x080010d6   0x00000046   Code   RO         2208    CL$$btod_d2e_denorm_low  c_w.l(btod.o)
    0x0800111c   0x00000060   Code   RO         2207    CL$$btod_d2e_norm_op1  c_w.l(btod.o)
    0x0800117c   0x00000338   Code   RO         2216    CL$$btod_div_common  c_w.l(btod.o)
    0x080014b4   0x000000c6   Code   RO         2213    CL$$btod_e2e        c_w.l(btod.o)
    0x0800157a   0x00000028   Code   RO         2210    CL$$btod_ediv       c_w.l(btod.o)
    0x080015a2   0x00000028   Code   RO         2209    CL$$btod_emul       c_w.l(btod.o)
    0x080015ca   0x00000244   Code   RO         2215    CL$$btod_mult_common  c_w.l(btod.o)
    0x0800180e   0x00000002   PAD
    0x08001810   0x00000120   Code   RO         1728    i.AiwacMasterSendOrderCar1  aiwacmaster.o
    0x08001930   0x00000120   Code   RO         1729    i.AiwacMasterSendOrderCar2  aiwacmaster.o
    0x08001a50   0x00000004   Code   RO          167    i.BusFault_Handler  stm32f4xx_it.o
    0x08001a54   0x00000002   Code   RO          168    i.DebugMon_Handler  stm32f4xx_it.o
    0x08001a56   0x00000090   Code   RO          635    i.GPIO_Init         stm32f4xx_gpio.o
    0x08001ae6   0x00000046   Code   RO          636    i.GPIO_PinAFConfig  stm32f4xx_gpio.o
    0x08001b2c   0x00000004   Code   RO          643    i.GPIO_SetBits      stm32f4xx_gpio.o
    0x08001b30   0x00000004   Code   RO          169    i.HardFault_Handler  stm32f4xx_it.o
    0x08001b34   0x00000040   Code   RO          301    i.LED_Init          led.o
    0x08001b74   0x00000004   Code   RO          170    i.MemManage_Handler  stm32f4xx_it.o
    0x08001b78   0x00000002   Code   RO          171    i.NMI_Handler       stm32f4xx_it.o
    0x08001b7a   0x00000002   PAD
    0x08001b7c   0x00000078   Code   RO          590    i.NVIC_Init         misc.o
    0x08001bf4   0x00000014   Code   RO          591    i.NVIC_PriorityGroupConfig  misc.o
    0x08001c08   0x00000098   Code   RO         1730    i.PaserCar1_State   aiwacmaster.o
    0x08001ca0   0x00000098   Code   RO         1731    i.PaserCar2_State   aiwacmaster.o
    0x08001d38   0x00000002   Code   RO          172    i.PendSV_Handler    stm32f4xx_it.o
    0x08001d3a   0x00000002   PAD
    0x08001d3c   0x00000020   Code   RO          732    i.RCC_AHB1PeriphClockCmd  stm32f4xx_rcc.o
    0x08001d5c   0x00000020   Code   RO          741    i.RCC_APB1PeriphClockCmd  stm32f4xx_rcc.o
    0x08001d7c   0x00000020   Code   RO          744    i.RCC_APB2PeriphClockCmd  stm32f4xx_rcc.o
    0x08001d9c   0x000000e8   Code   RO          753    i.RCC_GetClocksFreq  stm32f4xx_rcc.o
    0x08001e84   0x00000002   Code   RO          173    i.SVC_Handler       stm32f4xx_it.o
    0x08001e86   0x00000002   PAD
    0x08001e88   0x000000ec   Code   RO          264    i.SetSysClock       system_stm32f4xx.o
    0x08001f74   0x00000028   Code   RO          594    i.SysTick_CLKSourceConfig  misc.o
    0x08001f9c   0x00000002   Code   RO          174    i.SysTick_Handler   stm32f4xx_it.o
    0x08001f9e   0x00000002   PAD
    0x08001fa0   0x00000068   Code   RO          266    i.SystemInit        system_stm32f4xx.o
    0x08002008   0x0000002c   Code   RO          426    i.UART4_IRQHandler  usart.o
    0x08002034   0x00000028   Code   RO          427    i.UART5_IRQHandler  usart.o
    0x0800205c   0x00000088   Code   RO          428    i.USART1_IRQHandler  usart.o
    0x080020e4   0x00000044   Code   RO          429    i.USART2StateTo0    usart.o
    0x08002128   0x000000fc   Code   RO          430    i.USART2_IRQHandler  usart.o
    0x08002224   0x00000044   Code   RO          431    i.USART3StateTo0    usart.o
    0x08002268   0x000000e8   Code   RO          432    i.USART3_IRQHandler  usart.o
    0x08002350   0x00000018   Code   RO         1126    i.USART_Cmd         stm32f4xx_usart.o
    0x08002368   0x00000054   Code   RO         1130    i.USART_GetITStatus  stm32f4xx_usart.o
    0x080023bc   0x0000004a   Code   RO         1132    i.USART_ITConfig    stm32f4xx_usart.o
    0x08002406   0x00000002   PAD
    0x08002408   0x000000d4   Code   RO         1133    i.USART_Init        stm32f4xx_usart.o
    0x080024dc   0x0000000a   Code   RO         1140    i.USART_ReceiveData  stm32f4xx_usart.o
    0x080024e6   0x00000004   Code   RO          175    i.UsageFault_Handler  stm32f4xx_it.o
    0x080024ea   0x00000030   Code   RO         2142    i.__ARM_fpclassify  m_wm.l(fpclassify.o)
    0x0800251a   0x00000014   Code   RO         1997    i.__hardfp_fabs     m_wm.l(fabs.o)
    0x0800252e   0x00000002   PAD
    0x08002530   0x00000118   Code   RO         2003    i.__hardfp_floor    m_wm.l(floor.o)
    0x08002648   0x00000c38   Code   RO         2009    i.__hardfp_pow      m_wm.l(pow.o)
    0x08003280   0x000000f8   Code   RO         2144    i.__kernel_poly     m_wm.l(poly.o)
    0x08003378   0x00000030   Code   RO         2128    i.__mathlib_dbl_divzero  m_wm.l(dunder.o)
    0x080033a8   0x00000014   Code   RO         2130    i.__mathlib_dbl_infnan2  m_wm.l(dunder.o)
    0x080033bc   0x00000004   PAD
    0x080033c0   0x00000020   Code   RO         2131    i.__mathlib_dbl_invalid  m_wm.l(dunder.o)
    0x080033e0   0x00000020   Code   RO         2132    i.__mathlib_dbl_overflow  m_wm.l(dunder.o)
    0x08003400   0x00000020   Code   RO         2134    i.__mathlib_dbl_underflow  m_wm.l(dunder.o)
    0x08003420   0x0000000e   Code   RO         1930    i._is_digit         c_w.l(__printf_wp.o)
    0x0800342e   0x00000006   Code   RO          433    i._sys_exit         usart.o
    0x08003434   0x0000002a   Code   RO         1312    i.cJSON_AddItemToArray  cjson.o
    0x0800345e   0x00000002   PAD
    0x08003460   0x00000030   Code   RO         1313    i.cJSON_AddItemToObject  cjson.o
    0x08003490   0x00000030   Code   RO         1321    i.cJSON_CreateNumber  cjson.o
    0x080034c0   0x00000012   Code   RO         1322    i.cJSON_CreateObject  cjson.o
    0x080034d2   0x00000002   PAD
    0x080034d4   0x00000050   Code   RO         1326    i.cJSON_Delete      cjson.o
    0x08003524   0x0000001e   Code   RO         1335    i.cJSON_GetObjectItem  cjson.o
    0x08003542   0x00000002   PAD
    0x08003544   0x00000020   Code   RO         1338    i.cJSON_New_Item    cjson.o
    0x08003564   0x00000010   Code   RO         1339    i.cJSON_Parse       cjson.o
    0x08003574   0x00000064   Code   RO         1340    i.cJSON_ParseWithOpts  cjson.o
    0x080035d8   0x00000010   Code   RO         1341    i.cJSON_Print       cjson.o
    0x080035e8   0x0000004c   Code   RO         1345    i.cJSON_strcasecmp  cjson.o
    0x08003634   0x0000002c   Code   RO         1346    i.cJSON_strdup      cjson.o
    0x08003660   0x0000003c   Code   RO          368    i.delay_init        delay.o
    0x0800369c   0x00000038   Code   RO          369    i.delay_ms          delay.o
    0x080036d4   0x0000004c   Code   RO          371    i.delay_xms         delay.o
    0x08003720   0x000001b4   Code   RO         1733    i.designFSpeed2     aiwacmaster.o
    0x080038d4   0x00000018   Code   RO         1999    i.fabs              m_wm.l(fabs.o)
    0x080038ec   0x0000001c   Code   RO          434    i.fputc             usart.o
    0x08003908   0x000005b8   Code   RO         1734    i.goGoalPosition    aiwacmaster.o
    0x08003ec0   0x00000070   Code   RO            3    i.main              main.o
    0x08003f30   0x00000048   Code   RO         1651    i.mem_free          malloc.o
    0x08003f78   0x0000002c   Code   RO         1652    i.mem_init          malloc.o
    0x08003fa4   0x00000078   Code   RO         1653    i.mem_malloc        malloc.o
    0x0800401c   0x00000028   Code   RO         1654    i.mem_perused       malloc.o
    0x08004044   0x0000004c   Code   RO         1737    i.myabs_double      aiwacmaster.o
    0x08004090   0x0000001c   Code   RO         1655    i.myfree            malloc.o
    0x080040ac   0x00000020   Code   RO         1656    i.mymalloc          malloc.o
    0x080040cc   0x00000014   Code   RO         1658    i.mymemset          malloc.o
    0x080040e0   0x000000ac   Code   RO         1348    i.parse_array       cjson.o
    0x0800418c   0x00000114   Code   RO         1349    i.parse_hex4        cjson.o
    0x080042a0   0x000001c8   Code   RO         1350    i.parse_number      cjson.o
    0x08004468   0x00000114   Code   RO         1351    i.parse_object      cjson.o
    0x0800457c   0x000001cc   Code   RO         1352    i.parse_string      cjson.o
    0x08004748   0x000000bc   Code   RO         1353    i.parse_value       cjson.o
    0x08004804   0x0000016c   Code   RO         1354    i.print_array       cjson.o
    0x08004970   0x000001d0   Code   RO         1355    i.print_number      cjson.o
    0x08004b40   0x00000274   Code   RO         1356    i.print_object      cjson.o
    0x08004db4   0x0000000c   Code   RO         1357    i.print_string      cjson.o
    0x08004dc0   0x00000128   Code   RO         1358    i.print_string_ptr  cjson.o
    0x08004ee8   0x00000094   Code   RO         1359    i.print_value       cjson.o
    0x08004f7c   0x0000003c   Code   RO         1738    i.sendTuringOrder   aiwacmaster.o
    0x08004fb8   0x00000012   Code   RO         1360    i.skip              cjson.o
    0x08004fca   0x0000006e   Code   RO         2149    i.sqrt              m_wm.l(sqrt.o)
    0x08005038   0x00000006   Code   RO         1361    i.suffix_object     cjson.o
    0x0800503e   0x00000002   PAD
    0x08005040   0x000000ac   Code   RO          435    i.uart1_init        usart.o
    0x080050ec   0x000000ac   Code   RO          436    i.uart2_init        usart.o
    0x08005198   0x000000b0   Code   RO          437    i.uart3_init        usart.o
    0x08005248   0x0000002c   Code   RO          445    i.usart2_sendString  usart.o
    0x08005274   0x0000002c   Code   RO          447    i.usart3_sendString  usart.o
    0x080052a0   0x0000002c   Code   RO         2233    locale$$code        c_w.l(lc_ctype_c.o)
    0x080052cc   0x0000002c   Code   RO         2236    locale$$code        c_w.l(lc_numeric_c.o)
    0x080052f8   0x00000018   Code   RO         1965    x$fpl$basic         fz_wm.l(basic.o)
    0x08005310   0x00000150   Code   RO         1967    x$fpl$dadd          fz_wm.l(daddsub_clz.o)
    0x08005460   0x00000010   Code   RO         2247    x$fpl$dcheck1       fz_wm.l(dcheck1.o)
    0x08005470   0x00000018   Code   RO         2117    x$fpl$dcmpinf       fz_wm.l(dcmpi.o)
    0x08005488   0x000002b0   Code   RO         1974    x$fpl$ddiv          fz_wm.l(ddiv.o)
    0x08005738   0x0000005e   Code   RO         1977    x$fpl$dfix          fz_wm.l(dfix.o)
    0x08005796   0x0000002e   Code   RO         1982    x$fpl$dflt          fz_wm.l(dflt_clz.o)
    0x080057c4   0x00000078   Code   RO         1987    x$fpl$dleqf         fz_wm.l(dleqf.o)
    0x0800583c   0x00000154   Code   RO         1989    x$fpl$dmul          fz_wm.l(dmul.o)
    0x08005990   0x0000009c   Code   RO         2119    x$fpl$dnaninf       fz_wm.l(dnaninf.o)
    0x08005a2c   0x0000000c   Code   RO         2121    x$fpl$dretinf       fz_wm.l(dretinf.o)
    0x08005a38   0x0000006c   Code   RO         1991    x$fpl$drleqf        fz_wm.l(drleqf.o)
    0x08005aa4   0x00000016   Code   RO         1968    x$fpl$drsb          fz_wm.l(daddsub_clz.o)
    0x08005aba   0x00000002   PAD
    0x08005abc   0x00000198   Code   RO         2249    x$fpl$dsqrt         fz_wm.l(dsqrt_umaal.o)
    0x08005c54   0x000001d4   Code   RO         1969    x$fpl$dsub          fz_wm.l(daddsub_clz.o)
    0x08005e28   0x0000000a   Code   RO         2251    x$fpl$fpinit        fz_wm.l(fpinit.o)
    0x08005e32   0x00000004   Code   RO         1995    x$fpl$printf1       fz_wm.l(printf1.o)
    0x08005e36   0x00000064   Code   RO         2280    x$fpl$retnan        fz_wm.l(retnan.o)
    0x08005e9a   0x0000005c   Code   RO         2125    x$fpl$scalbn        fz_wm.l(scalbn.o)
    0x08005ef6   0x00000030   Code   RO         2307    x$fpl$trapveneer    fz_wm.l(trapv.o)
    0x08005f26   0x00000000   Code   RO         2127    x$fpl$usenofp       fz_wm.l(usenofp.o)
    0x08005f26   0x00000007   Data   RO         1362    .constdata          cjson.o
    0x08005f2d   0x00000028   Data   RO         1903    .constdata          c_w.l(_printf_hex_int.o)
    0x08005f55   0x00000011   Data   RO         1933    .constdata          c_w.l(__printf_flags_wp.o)
    0x08005f66   0x00000002   PAD
    0x08005f68   0x00000088   Data   RO         2012    .constdata          m_wm.l(pow.o)
    0x08005ff0   0x00000008   Data   RO         2146    .constdata          m_wm.l(qnan.o)
    0x08005ff8   0x00000094   Data   RO         2204    .constdata          c_w.l(bigflt0.o)
    0x0800608c   0x00000020   Data   RO         2339    Region$$Table       anon$$obj.o
    0x080060ac   0x00000110   Data   RO         2232    locale$$data        c_w.l(lc_ctype_c.o)
    0x080061bc   0x0000001c   Data   RO         2235    locale$$data        c_w.l(lc_numeric_c.o)


    Execution Region RW_IRAM1 (Base: 0x20000000, Size: 0x00006190, Max: 0x00020000, ABSOLUTE)

    Base Addr    Size         Type   Attr      Idx    E Section Name        Object

    0x20000000   0x00000004   Data   RW          372    .data               delay.o
    0x20000004   0x0000002c   Data   RW          449    .data               usart.o
    0x20000030   0x00000010   Data   RW          785    .data               stm32f4xx_rcc.o
    0x20000040   0x0000000c   Data   RW         1363    .data               cjson.o
    0x2000004c   0x00000014   Data   RW         1662    .data               malloc.o
    0x20000060   0x00000024   Data   RW         1739    .data               aiwacmaster.o
    0x20000084   0x000016a8   Zero   RW          448    .bss                usart.o
    0x2000172c   0x00004400   Zero   RW         1660    .bss                malloc.o
    0x20005b2c   0x00000060   Zero   RW         2162    .bss                c_w.l(libspace.o)
    0x20005b8c   0x00000004   PAD
    0x20005b90   0x00000200   Zero   RW          582    HEAP                startup_stm32f40_41xxx.o
    0x20005d90   0x00000400   Zero   RW          581    STACK               startup_stm32f40_41xxx.o


==============================================================================

Image component sizes


      Code (inc. data)   RO Data    RW Data    ZI Data      Debug   Object Name

      2916        690          0         36          0       7086   aiwacmaster.o
      4314        262          7         12          0      22916   cjson.o
       192         12          0          4          0       2012   delay.o
        64          4          0          0          0        555   led.o
       112         26          0          0          0     265195   main.o
       356         28          0         20      17408       5802   malloc.o
       180         24          0          0          0       2153   misc.o
        64         26        392          0       1536        864   startup_stm32f40_41xxx.o
       218          0          0          0          0       2382   stm32f4xx_gpio.o
        26          0          0          0          0       4242   stm32f4xx_it.o
       328         36          0         16          0       4731   stm32f4xx_rcc.o
       404          8          0          0          0       4326   stm32f4xx_usart.o
       340         32          0          0          0       1533   system_stm32f4xx.o
      1482        198          0         44       5800      11949   usart.o

    ----------------------------------------------------------------------
     11014       1346        431        132      24744     335746   Object Totals
         0          0         32          0          0          0   (incl. Generated)
        18          0          0          0          0          0   (incl. Padding)

    ----------------------------------------------------------------------

      Code (inc. data)   RO Data    RW Data    ZI Data      Debug   Library Member Name

         8          0          0          0          0         68   __main.o
       312          4         17          0          0         92   __printf_flags_wp.o
        14          0          0          0          0         68   __printf_wp.o
         0          0          0          0          0          0   __rtentry.o
        12          0          0          0          0          0   __rtentry2.o
         6          0          0          0          0          0   __rtentry4.o
        52          8          0          0          0          0   __scatter.o
        26          0          0          0          0          0   __scatter_copy.o
        28          0          0          0          0          0   __scatter_zi.o
        48          6          0          0          0         96   _printf_char_common.o
        36          4          0          0          0         80   _printf_char_file.o
         6          0          0          0          0          0   _printf_d.o
       120         16          0          0          0         92   _printf_dec.o
         6          0          0          0          0          0   _printf_e.o
         6          0          0          0          0          0   _printf_f.o
      1050          0          0          0          0        216   _printf_fp_dec.o
       128         16          0          0          0         84   _printf_fp_infnan.o
        88          4         40          0          0         88   _printf_hex_int.o
       178          0          0          0          0         88   _printf_intcommon.o
        78          0          0          0          0        108   _printf_pad.o
         0          0          0          0          0          0   _printf_percent.o
         4          0          0          0          0          0   _printf_percent_end.o
         6          0          0          0          0          0   _printf_x.o
        22          0          0          0          0        100   _rserrno.o
        10          0          0          0          0         68   _sputc.o
       220          4        148          0          0         96   bigflt0.o
      1910        128          0          0          0        672   btod.o
        12          0          0          0          0         72   exit.o
         8          0          0          0          0         68   ferror.o
         6          0          0          0          0        152   heapauxi.o
        44         10        272          0          0         76   lc_ctype_c.o
        44         10         28          0          0         76   lc_numeric_c.o
         2          0          0          0          0          0   libinit.o
        34          0          0          0          0          0   libinit2.o
         2          0          0          0          0          0   libshutdown.o
         2          0          0          0          0          0   libshutdown2.o
         8          4          0          0         96         68   libspace.o
       138          0          0          0          0         80   lludiv10.o
        24          4          0          0          0         84   noretval__2printf.o
        40          6          0          0          0         84   noretval__2sprintf.o
        16          4          0          0          0         76   rt_ctype_table.o
         8          4          0          0          0         68   rt_errno_addr_intlibspace.o
         8          4          0          0          0         68   rt_locale_intlibspace.o
        68          0          0          0          0         68   rt_memclr.o
        78          0          0          0          0         80   rt_memclr_w.o
       138          0          0          0          0         68   rt_memcpy_v6.o
       100          0          0          0          0         80   rt_memcpy_w.o
         2          0          0          0          0          0   rtexit.o
        10          0          0          0          0          0   rtexit2.o
        20          0          0          0          0         68   strchr.o
       128          0          0          0          0         68   strcmpv7m.o
        72          0          0          0          0         80   strcpy.o
        62          0          0          0          0         76   strlen.o
       150          0          0          0          0         80   strncmp.o
        86          0          0          0          0         76   strncpy.o
        74          0          0          0          0         80   sys_stackheap_outer.o
        26          0          0          0          0         76   tolower.o
         2          0          0          0          0         68   use_no_semi.o
         2          0          0          0          0         68   use_no_semi_2.o
        24          0          0          0          0        164   basic.o
       826         16          0          0          0        492   daddsub_clz.o
        16          4          0          0          0        116   dcheck1.o
        24          0          0          0          0        116   dcmpi.o
       688        140          0          0          0        256   ddiv.o
        94          4          0          0          0        140   dfix.o
        46          0          0          0          0        116   dflt_clz.o
       120          4          0          0          0        140   dleqf.o
       340         12          0          0          0        152   dmul.o
       156          4          0          0          0        140   dnaninf.o
        12          0          0          0          0        116   dretinf.o
       108          0          0          0          0        128   drleqf.o
       408         56          0          0          0        168   dsqrt_umaal.o
        10          0          0          0          0        116   fpinit.o
         4          0          0          0          0        116   printf1.o
       100          0          0          0          0        116   retnan.o
        92          0          0          0          0        116   scalbn.o
        48          0          0          0          0        116   trapv.o
         0          0          0          0          0          0   usenofp.o
       164         44          0          0          0        620   dunder.o
        44          0          0          0          0        248   fabs.o
       280         28          0          0          0        156   floor.o
        48          0          0          0          0        124   fpclassify.o
       248          0          0          0          0        152   poly.o
      3128        302        136          0          0        356   pow.o
         0          0          8          0          0          0   qnan.o
       110          0          0          0          0        148   sqrt.o

    ----------------------------------------------------------------------
     12952        850        651          0        100       8652   Library Totals
        26          0          2          0          4          0   (incl. Padding)

    ----------------------------------------------------------------------

      Code (inc. data)   RO Data    RW Data    ZI Data      Debug   Library Name

      5788        236        505          0         96       4024   c_w.l
      3116        240          0          0          0       2824   fz_wm.l
      4022        374        144          0          0       1804   m_wm.l

    ----------------------------------------------------------------------
     12952        850        651          0        100       8652   Library Totals

    ----------------------------------------------------------------------

==============================================================================


      Code (inc. data)   RO Data    RW Data    ZI Data      Debug   

     23966       2196       1082        132      24844     330858   Grand Totals
     23966       2196       1082        132      24844     330858   ELF Image Totals
     23966       2196       1082        132          0          0   ROM Totals

==============================================================================

    Total RO  Size (Code + RO Data)                25048 (  24.46kB)
    Total RW  Size (RW Data + ZI Data)             24976 (  24.39kB)
    Total ROM Size (Code + RO Data + RW Data)      25180 (  24.59kB)

==============================================================================

